#
# Autogenerated by generate-bytecode-expectations.
#

---
wrap: no
test function name: f

---
snippet: "
  async function f() {
    for await (let x of [1, 2, 3]) {}
  }
  f();
"
frame size: 17
parameter count: 1
bytecode array length: 274
bytecodes: [
                B(SwitchOnGeneratorState), R(0), U8(0), U8(2),
                B(Mov), R(closure), R(4),
                B(Mov), R(this), R(5),
  /*   16 E> */ B(InvokeIntrinsic), U8(Runtime::k_AsyncFunctionEnter), R(4), U8(2),
                B(Star0),
                B(Mov), R(context), R(4),
  /*   43 S> */ B(CreateArrayLiteral), U8(2), U8(0), U8(37),
                B(Star7),
                B(GetNamedProperty), R(7), U8(3), U8(1),
                B(JumpIfUndefinedOrNull), U8(14),
                B(Star8),
                B(CallProperty0), R(8), R(7), U8(3),
                B(JumpIfJSReceiver), U8(21),
                B(CallRuntime), U16(Runtime::kThrowSymbolAsyncIteratorInvalid), R(0), U8(0),
                B(GetNamedProperty), R(7), U8(4), U8(5),
                B(Star8),
                B(CallProperty0), R(8), R(7), U8(7),
                B(Star8),
                B(InvokeIntrinsic), U8(Runtime::k_CreateAsyncFromSyncIterator), R(8), U8(1),
                B(Star6),
                B(GetNamedProperty), R(6), U8(5), U8(9),
                B(Star5),
                B(LdaFalse),
                B(Star7),
                B(LdaTheHole),
                B(Star10),
                B(Mov), R(context), R(11),
                B(LdaTrue),
                B(Star7),
  /*   38 S> */ B(CallProperty0), R(5), R(6), U8(11),
                B(Star14),
                B(Mov), R(0), R(13),
                B(InvokeIntrinsic), U8(Runtime::k_AsyncFunctionAwait), R(13), U8(2),
                B(SuspendGenerator), R(0), R(0), U8(13), U8(0),
                B(ResumeGenerator), R(0), R(0), U8(13),
                B(Star13),
                B(InvokeIntrinsic), U8(Runtime::k_GeneratorGetResumeMode), R(0), U8(1),
                B(Star14),
                B(LdaZero),
                B(TestReferenceEqual), R(14),
                B(JumpIfTrue), U8(6), U8(13),
                B(Ldar), R(13),
                B(ReThrow),
                B(Ldar), R(13),
                B(Mov), R(13), R(12),
                B(JumpIfJSReceiver), U8(7),
                B(CallRuntime), U16(Runtime::kThrowIteratorResultNotAnObject), R(12), U8(1),
                B(GetNamedProperty), R(12), U8(6), U8(15),
                B(JumpIfToBooleanTrue), U8(22), U8(17),
                B(GetNamedProperty), R(12), U8(7), U8(19),
                B(Star12),
                B(LdaFalse),
                B(Star7),
                B(Mov), R(12), R(1),
  /*   38 S> */ B(Mov), R(1), R(3),
                B(Ldar), R(12),
  /*   23 E> */ B(JumpLoop), U8(72), I8(0), U8(21),
                B(LdaSmi), I8(-1),
                B(Star9),
                B(Star8),
                B(Jump), U8(8),
                B(Star9),
                B(LdaZero),
                B(Star8),
                B(LdaTheHole),
                B(SetPendingMessage),
                B(Star10),
                B(Ldar), R(7),
                B(JumpIfToBooleanTrue), U8(72), U8(22),
                B(Mov), R(context), R(12),
                B(GetNamedProperty), R(6), U8(8), U8(24),
                B(JumpIfUndefinedOrNull), U8(62),
                B(Star13),
                B(CallProperty0), R(13), R(6), U8(26),
                B(Star15),
                B(Mov), R(0), R(14),
                B(InvokeIntrinsic), U8(Runtime::k_AsyncFunctionAwait), R(14), U8(2),
                B(SuspendGenerator), R(0), R(0), U8(14), U8(1),
                B(ResumeGenerator), R(0), R(0), U8(14),
                B(Star14),
                B(InvokeIntrinsic), U8(Runtime::k_GeneratorGetResumeMode), R(0), U8(1),
                B(Star15),
                B(LdaZero),
                B(TestReferenceEqual), R(15),
                B(JumpIfTrue), U8(6), U8(28),
                B(Ldar), R(14),
                B(ReThrow),
                B(Ldar), R(14),
                B(JumpIfJSReceiver), U8(21),
                B(Star), R(16),
                B(CallRuntime), U16(Runtime::kThrowIteratorResultNotAnObject), R(16), U8(1),
                B(Jump), U8(12),
                B(Star12),
                B(LdaZero),
                B(TestReferenceEqual), R(8),
                B(JumpIfTrue), U8(6), U8(30),
                B(Ldar), R(12),
                B(ReThrow),
                B(LdaZero),
                B(TestReferenceEqual), R(8),
                B(JumpIfFalse), U8(9), U8(32),
                B(Ldar), R(10),
                B(SetPendingMessage),
                B(Ldar), R(9),
                B(ReThrow),
                B(LdaUndefined),
                B(Star6),
                B(Mov), R(0), R(5),
                B(InvokeIntrinsic), U8(Runtime::k_AsyncFunctionResolve), R(5), U8(2),
  /*   57 S> */ B(Return),
                B(Star5),
                B(CreateCatchContext), R(5), U8(9),
                B(Star4),
                B(LdaTheHole),
                B(SetPendingMessage),
                B(Ldar), R(4),
                B(PushContext), R(5),
                B(LdaImmutableCurrentContextSlot), U8(2),
                B(Star7),
                B(Mov), R(0), R(6),
                B(InvokeIntrinsic), U8(Runtime::k_AsyncFunctionReject), R(6), U8(2),
                B(Return),
]
constant pool: [
  Smi [87],
  Smi [188],
  ARRAY_BOILERPLATE_DESCRIPTION_TYPE,
  SYMBOL_TYPE,
  SYMBOL_TYPE,
  INTERNALIZED_ONE_BYTE_STRING_TYPE ["next"],
  INTERNALIZED_ONE_BYTE_STRING_TYPE ["done"],
  INTERNALIZED_ONE_BYTE_STRING_TYPE ["value"],
  INTERNALIZED_ONE_BYTE_STRING_TYPE ["return"],
  SCOPE_INFO_TYPE,
]
handlers: [
  [18, 252, 252],
  [68, 144, 150],
  [164, 218, 220],
]

---
snippet: "
  async function f() {
    for await (let x of [1, 2, 3]) { return x; }
  }
  f();
"
frame size: 17
parameter count: 1
bytecode array length: 289
bytecodes: [
                B(SwitchOnGeneratorState), R(0), U8(0), U8(2),
                B(Mov), R(closure), R(4),
                B(Mov), R(this), R(5),
  /*   16 E> */ B(InvokeIntrinsic), U8(Runtime::k_AsyncFunctionEnter), R(4), U8(2),
                B(Star0),
                B(Mov), R(context), R(4),
  /*   43 S> */ B(CreateArrayLiteral), U8(2), U8(0), U8(37),
                B(Star7),
                B(GetNamedProperty), R(7), U8(3), U8(1),
                B(JumpIfUndefinedOrNull), U8(14),
                B(Star8),
                B(CallProperty0), R(8), R(7), U8(3),
                B(JumpIfJSReceiver), U8(21),
                B(CallRuntime), U16(Runtime::kThrowSymbolAsyncIteratorInvalid), R(0), U8(0),
                B(GetNamedProperty), R(7), U8(4), U8(5),
                B(Star8),
                B(CallProperty0), R(8), R(7), U8(7),
                B(Star8),
                B(InvokeIntrinsic), U8(Runtime::k_CreateAsyncFromSyncIterator), R(8), U8(1),
                B(Star6),
                B(GetNamedProperty), R(6), U8(5), U8(9),
                B(Star5),
                B(LdaFalse),
                B(Star7),
                B(LdaTheHole),
                B(Star10),
                B(Mov), R(context), R(11),
                B(LdaTrue),
                B(Star7),
  /*   38 S> */ B(CallProperty0), R(5), R(6), U8(11),
                B(Star14),
                B(Mov), R(0), R(13),
                B(InvokeIntrinsic), U8(Runtime::k_AsyncFunctionAwait), R(13), U8(2),
                B(SuspendGenerator), R(0), R(0), U8(13), U8(0),
                B(ResumeGenerator), R(0), R(0), U8(13),
                B(Star13),
                B(InvokeIntrinsic), U8(Runtime::k_GeneratorGetResumeMode), R(0), U8(1),
                B(Star14),
                B(LdaZero),
                B(TestReferenceEqual), R(14),
                B(JumpIfTrue), U8(6), U8(13),
                B(Ldar), R(13),
                B(ReThrow),
                B(Ldar), R(13),
                B(Mov), R(13), R(12),
                B(JumpIfJSReceiver), U8(7),
                B(CallRuntime), U16(Runtime::kThrowIteratorResultNotAnObject), R(12), U8(1),
                B(GetNamedProperty), R(12), U8(6), U8(15),
                B(JumpIfToBooleanTrue), U8(24), U8(17),
                B(GetNamedProperty), R(12), U8(7), U8(19),
                B(Star12),
                B(LdaFalse),
                B(Star7),
                B(Mov), R(12), R(1),
  /*   38 S> */ B(Mov), R(1), R(3),
  /*   56 S> */ B(LdaSmi), I8(1),
                B(Mov), R(12), R(9),
                B(Star8),
                B(Jump), U8(14),
                B(LdaSmi), I8(-1),
                B(Star9),
                B(Star8),
                B(Jump), U8(8),
                B(Star9),
                B(LdaZero),
                B(Star8),
                B(LdaTheHole),
                B(SetPendingMessage),
                B(Star10),
                B(Ldar), R(7),
                B(JumpIfToBooleanTrue), U8(72), U8(22),
                B(Mov), R(context), R(12),
                B(GetNamedProperty), R(6), U8(8), U8(24),
                B(JumpIfUndefinedOrNull), U8(62),
                B(Star13),
                B(CallProperty0), R(13), R(6), U8(26),
                B(Star15),
                B(Mov), R(0), R(14),
                B(InvokeIntrinsic), U8(Runtime::k_AsyncFunctionAwait), R(14), U8(2),
                B(SuspendGenerator), R(0), R(0), U8(14), U8(1),
                B(ResumeGenerator), R(0), R(0), U8(14),
                B(Star14),
                B(InvokeIntrinsic), U8(Runtime::k_GeneratorGetResumeMode), R(0), U8(1),
                B(Star15),
                B(LdaZero),
                B(TestReferenceEqual), R(15),
                B(JumpIfTrue), U8(6), U8(28),
                B(Ldar), R(14),
                B(ReThrow),
                B(Ldar), R(14),
                B(JumpIfJSReceiver), U8(21),
                B(Star), R(16),
                B(CallRuntime), U16(Runtime::kThrowIteratorResultNotAnObject), R(16), U8(1),
                B(Jump), U8(12),
                B(Star12),
                B(LdaZero),
                B(TestReferenceEqual), R(8),
                B(JumpIfTrue), U8(6), U8(30),
                B(Ldar), R(12),
                B(ReThrow),
                B(Ldar), R(8),
                B(SwitchOnSmiNoFeedback), U8(9), U8(2), I8(0),
                B(Jump), U8(19),
                B(Ldar), R(10),
                B(SetPendingMessage),
                B(Ldar), R(9),
                B(ReThrow),
                B(Mov), R(0), R(12),
                B(Mov), R(9), R(13),
                B(InvokeIntrinsic), U8(Runtime::k_AsyncFunctionResolve), R(12), U8(2),
                B(Return),
                B(LdaUndefined),
                B(Star6),
                B(Mov), R(0), R(5),
                B(InvokeIntrinsic), U8(Runtime::k_AsyncFunctionResolve), R(5), U8(2),
  /*   68 S> */ B(Return),
                B(Star5),
                B(CreateCatchContext), R(5), U8(11),
                B(Star4),
                B(LdaTheHole),
                B(SetPendingMessage),
                B(Ldar), R(4),
                B(PushContext), R(5),
                B(LdaImmutableCurrentContextSlot), U8(2),
                B(Star7),
                B(Mov), R(0), R(6),
                B(InvokeIntrinsic), U8(Runtime::k_AsyncFunctionReject), R(6), U8(2),
                B(Return),
]
constant pool: [
  Smi [87],
  Smi [190],
  ARRAY_BOILERPLATE_DESCRIPTION_TYPE,
  SYMBOL_TYPE,
  SYMBOL_TYPE,
  INTERNALIZED_ONE_BYTE_STRING_TYPE ["next"],
  INTERNALIZED_ONE_BYTE_STRING_TYPE ["done"],
  INTERNALIZED_ONE_BYTE_STRING_TYPE ["value"],
  INTERNALIZED_ONE_BYTE_STRING_TYPE ["return"],
  Smi [6],
  Smi [12],
  SCOPE_INFO_TYPE,
]
handlers: [
  [18, 267, 267],
  [68, 146, 152],
  [166, 220, 222],
]

---
snippet: "
  async function f() {
    for await (let x of [10, 20, 30]) {
      if (x == 10) continue;
      if (x == 20) break;
    }
  }
  f();
"
frame size: 17
parameter count: 1
bytecode array length: 292
bytecodes: [
                B(SwitchOnGeneratorState), R(0), U8(0), U8(2),
                B(Mov), R(closure), R(4),
                B(Mov), R(this), R(5),
  /*   16 E> */ B(InvokeIntrinsic), U8(Runtime::k_AsyncFunctionEnter), R(4), U8(2),
                B(Star0),
                B(Mov), R(context), R(4),
  /*   43 S> */ B(CreateArrayLiteral), U8(2), U8(0), U8(37),
                B(Star7),
                B(GetNamedProperty), R(7), U8(3), U8(1),
                B(JumpIfUndefinedOrNull), U8(14),
                B(Star8),
                B(CallProperty0), R(8), R(7), U8(3),
                B(JumpIfJSReceiver), U8(21),
                B(CallRuntime), U16(Runtime::kThrowSymbolAsyncIteratorInvalid), R(0), U8(0),
                B(GetNamedProperty), R(7), U8(4), U8(5),
                B(Star8),
                B(CallProperty0), R(8), R(7), U8(7),
                B(Star8),
                B(InvokeIntrinsic), U8(Runtime::k_CreateAsyncFromSyncIterator), R(8), U8(1),
                B(Star6),
                B(GetNamedProperty), R(6), U8(5), U8(9),
                B(Star5),
                B(LdaFalse),
                B(Star7),
                B(LdaTheHole),
                B(Star10),
                B(Mov), R(context), R(11),
                B(LdaTrue),
                B(Star7),
  /*   38 S> */ B(CallProperty0), R(5), R(6), U8(11),
                B(Star14),
                B(Mov), R(0), R(13),
                B(InvokeIntrinsic), U8(Runtime::k_AsyncFunctionAwait), R(13), U8(2),
                B(SuspendGenerator), R(0), R(0), U8(13), U8(0),
                B(ResumeGenerator), R(0), R(0), U8(13),
                B(Star13),
                B(InvokeIntrinsic), U8(Runtime::k_GeneratorGetResumeMode), R(0), U8(1),
                B(Star14),
                B(LdaZero),
                B(TestReferenceEqual), R(14),
                B(JumpIfTrue), U8(6), U8(13),
                B(Ldar), R(13),
                B(ReThrow),
                B(Ldar), R(13),
                B(Mov), R(13), R(12),
                B(JumpIfJSReceiver), U8(7),
                B(CallRuntime), U16(Runtime::kThrowIteratorResultNotAnObject), R(12), U8(1),
                B(GetNamedProperty), R(12), U8(6), U8(15),
                B(JumpIfToBooleanTrue), U8(40), U8(17),
                B(GetNamedProperty), R(12), U8(7), U8(19),
                B(Star12),
                B(LdaFalse),
                B(Star7),
                B(Mov), R(12), R(1),
  /*   38 S> */ B(Mov), R(1), R(3),
  /*   63 S> */ B(LdaSmi), I8(10),
  /*   69 E> */ B(TestEqual), R(12), U8(23),
                B(JumpIfFalse), U8(5), U8(21),
  /*   76 S> */ B(Jump), U8(12),
  /*   90 S> */ B(LdaSmi), I8(20),
  /*   96 E> */ B(TestEqual), R(3), U8(26),
                B(JumpIfFalse), U8(5), U8(24),
  /*  103 S> */ B(Jump), U8(6),
  /*   23 E> */ B(JumpLoop), U8(90), I8(0), U8(27),
                B(LdaSmi), I8(-1),
                B(Star9),
                B(Star8),
                B(Jump), U8(8),
                B(Star9),
                B(LdaZero),
                B(Star8),
                B(LdaTheHole),
                B(SetPendingMessage),
                B(Star10),
                B(Ldar), R(7),
                B(JumpIfToBooleanTrue), U8(72), U8(28),
                B(Mov), R(context), R(12),
                B(GetNamedProperty), R(6), U8(8), U8(30),
                B(JumpIfUndefinedOrNull), U8(62),
                B(Star13),
                B(CallProperty0), R(13), R(6), U8(32),
                B(Star15),
                B(Mov), R(0), R(14),
                B(InvokeIntrinsic), U8(Runtime::k_AsyncFunctionAwait), R(14), U8(2),
                B(SuspendGenerator), R(0), R(0), U8(14), U8(1),
                B(ResumeGenerator), R(0), R(0), U8(14),
                B(Star14),
                B(InvokeIntrinsic), U8(Runtime::k_GeneratorGetResumeMode), R(0), U8(1),
                B(Star15),
                B(LdaZero),
                B(TestReferenceEqual), R(15),
                B(JumpIfTrue), U8(6), U8(34),
                B(Ldar), R(14),
                B(ReThrow),
                B(Ldar), R(14),
                B(JumpIfJSReceiver), U8(21),
                B(Star), R(16),
                B(CallRuntime), U16(Runtime::kThrowIteratorResultNotAnObject), R(16), U8(1),
                B(Jump), U8(12),
                B(Star12),
                B(LdaZero),
                B(TestReferenceEqual), R(8),
                B(JumpIfTrue), U8(6), U8(36),
                B(Ldar), R(12),
                B(ReThrow),
                B(LdaZero),
                B(TestReferenceEqual), R(8),
                B(JumpIfFalse), U8(9), U8(38),
                B(Ldar), R(10),
                B(SetPendingMessage),
                B(Ldar), R(9),
                B(ReThrow),
                B(LdaUndefined),
                B(Star6),
                B(Mov), R(0), R(5),
                B(InvokeIntrinsic), U8(Runtime::k_AsyncFunctionResolve), R(5), U8(2),
  /*  114 S> */ B(Return),
                B(Star5),
                B(CreateCatchContext), R(5), U8(9),
                B(Star4),
                B(LdaTheHole),
                B(SetPendingMessage),
                B(Ldar), R(4),
                B(PushContext), R(5),
                B(LdaImmutableCurrentContextSlot), U8(2),
                B(Star7),
                B(Mov), R(0), R(6),
                B(InvokeIntrinsic), U8(Runtime::k_AsyncFunctionReject), R(6), U8(2),
                B(Return),
]
constant pool: [
  Smi [87],
  Smi [206],
  ARRAY_BOILERPLATE_DESCRIPTION_TYPE,
  SYMBOL_TYPE,
  SYMBOL_TYPE,
  INTERNALIZED_ONE_BYTE_STRING_TYPE ["next"],
  INTERNALIZED_ONE_BYTE_STRING_TYPE ["done"],
  INTERNALIZED_ONE_BYTE_STRING_TYPE ["value"],
  INTERNALIZED_ONE_BYTE_STRING_TYPE ["return"],
  SCOPE_INFO_TYPE,
]
handlers: [
  [18, 270, 270],
  [68, 162, 168],
  [182, 236, 238],
]

---
snippet: "
  async function f() {
    var x = { 'a': 1, 'b': 2 };
    for (x['a'] of [1,2,3]) { return x['a']; }
  }
  f();
"
frame size: 13
parameter count: 1
bytecode array length: 193
bytecodes: [
                B(Mov), R(closure), R(2),
                B(Mov), R(this), R(3),
  /*   16 E> */ B(InvokeIntrinsic), U8(Runtime::k_AsyncFunctionEnter), R(2), U8(2),
                B(Star0),
                B(Mov), R(context), R(2),
  /*   31 S> */ B(CreateObjectLiteral), U8(0), U8(0), U8(41),
                B(Star1),
  /*   68 S> */ B(CreateArrayLiteral), U8(1), U8(1), U8(37),
                B(Star5),
                B(GetIterator), R(5), U8(2), U8(4),
                B(Star4),
                B(GetNamedProperty), R(4), U8(2), U8(6),
                B(Star3),
                B(LdaFalse),
                B(Star5),
                B(LdaTheHole),
                B(Star8),
                B(Mov), R(context), R(9),
                B(LdaTrue),
                B(Star5),
  /*   59 S> */ B(CallProperty0), R(3), R(4), U8(8),
                B(Star10),
                B(JumpIfJSReceiver), U8(7),
                B(CallRuntime), U16(Runtime::kThrowIteratorResultNotAnObject), R(10), U8(1),
                B(GetNamedProperty), R(10), U8(3), U8(10),
                B(JumpIfToBooleanTrue), U8(26), U8(12),
                B(GetNamedProperty), R(10), U8(4), U8(14),
                B(Star10),
                B(LdaFalse),
                B(Star5),
                B(Ldar), R(10),
  /*   58 E> */ B(SetNamedProperty), R(1), U8(5), U8(16),
  /*   87 S> */ B(GetNamedProperty), R(1), U8(5), U8(18),
                B(Star7),
                B(LdaSmi), I8(1),
                B(Star6),
                B(Jump), U8(14),
                B(LdaSmi), I8(-1),
                B(Star7),
                B(Star6),
                B(Jump), U8(8),
                B(Star7),
                B(LdaZero),
                B(Star6),
                B(LdaTheHole),
                B(SetPendingMessage),
                B(Star8),
                B(Ldar), R(5),
                B(JumpIfToBooleanTrue), U8(37), U8(21),
                B(Mov), R(context), R(10),
                B(GetNamedProperty), R(4), U8(6), U8(23),
                B(JumpIfUndefinedOrNull), U8(27),
                B(Star11),
                B(CallProperty0), R(11), R(4), U8(25),
                B(JumpIfJSReceiver), U8(20),
                B(Star12),
                B(CallRuntime), U16(Runtime::kThrowIteratorResultNotAnObject), R(12), U8(1),
                B(Jump), U8(12),
                B(Star10),
                B(LdaZero),
                B(TestReferenceEqual), R(6),
                B(JumpIfTrue), U8(6), U8(27),
                B(Ldar), R(10),
                B(ReThrow),
                B(Ldar), R(6),
                B(SwitchOnSmiNoFeedback), U8(7), U8(2), I8(0),
                B(Jump), U8(19),
                B(Ldar), R(8),
                B(SetPendingMessage),
                B(Ldar), R(7),
                B(ReThrow),
                B(Mov), R(0), R(10),
                B(Mov), R(7), R(11),
                B(InvokeIntrinsic), U8(Runtime::k_AsyncFunctionResolve), R(10), U8(2),
                B(Return),
                B(LdaUndefined),
                B(Star4),
                B(Mov), R(0), R(3),
                B(InvokeIntrinsic), U8(Runtime::k_AsyncFunctionResolve), R(3), U8(2),
  /*   96 S> */ B(Return),
                B(Star3),
                B(CreateCatchContext), R(3), U8(9),
                B(Star2),
                B(LdaTheHole),
                B(SetPendingMessage),
                B(Ldar), R(2),
                B(PushContext), R(3),
                B(LdaImmutableCurrentContextSlot), U8(2),
                B(Star5),
                B(Mov), R(0), R(4),
                B(InvokeIntrinsic), U8(Runtime::k_AsyncFunctionReject), R(4), U8(2),
                B(Return),
]
constant pool: [
  OBJECT_BOILERPLATE_DESCRIPTION_TYPE,
  ARRAY_BOILERPLATE_DESCRIPTION_TYPE,
  INTERNALIZED_ONE_BYTE_STRING_TYPE ["next"],
  INTERNALIZED_ONE_BYTE_STRING_TYPE ["done"],
  INTERNALIZED_ONE_BYTE_STRING_TYPE ["value"],
  INTERNALIZED_ONE_BYTE_STRING_TYPE ["a"],
  INTERNALIZED_ONE_BYTE_STRING_TYPE ["return"],
  Smi [6],
  Smi [12],
  SCOPE_INFO_TYPE,
]
handlers: [
  [14, 171, 171],
  [41, 85, 91],
  [105, 124, 126],
]

