{
  "crash_type": "Data race\nREAD 8",
  "crash_state": "v8::internal::compiler::JSObjectRef::GetOwnConstantElementFromHeap(v8::internal:\nv8::internal::compiler::JSObjectRef::GetOwnConstantElement(v8::internal::compile\nv8::internal::compiler::JSNativeContextSpecialization::ReduceElementLoadFromHeap"
}