{
  "crash_type": "Data race\nREAD 4",
  "crash_state": "Get<(v8::internal::AccessMode)1>\nIsImpossible<(v8::internal::AccessMode)1>\nIsWhite<(v8::internal::AccessMode)1>"
}