start
Unhandled Promise Rejection: *%(basename)s:7: Error
  throw "Error";
  ^
