RuntimeError: unreachable
    at wasm-function[0]:1
    at assertPromiseResult (*%(basename)s:18:27)
    at promise.then (test/mjsunit/mjsunit.js:*)
