RuntimeError: unreachable
    at main (wasm-function[0]:1)
    at assertPromiseResult (test/message/wasm-function-name-async.js:16:27)
    at promise.then (test/mjsunit/mjsunit.js:*)
