RuntimeError: unreachable
    at test-module.main (wasm-function[0]:1)
    at assertPromiseResult (*%(basename)s:17:27)
    at promise.then (test/mjsunit/mjsunit.js:*)
