RuntimeError: unreachable
    at test-module (wasm-function[0]:1)
    at assertPromiseResult (*%(basename)s:19:27)
    at promise.then (test/mjsunit/mjsunit.js:*)
