RuntimeError: unreachable
    at wasm://wasm/1f872db0:wasm-function[0]:0x22
    at test/message/wasm-no-name-async.js:{NUMBER}:27
    at test/mjsunit/mjsunit.js:*
