RuntimeError: unreachable
    at test-module.main (wasm-function[0]:1)
    at assertPromiseResult (test/message/wasm-module-and-function-name-async.js:17:27)
    at promise.then (test/mjsunit/mjsunit.js:*)
