#
# Autogenerated by generate-bytecode-expectations.
#

---
wrap: yes

---
snippet: "
  var a;
  a = 1.23;
  a = 1.23;
  a = 1.23;
  a = 1.23;
  a = 1.23;
  a = 1.23;
  a = 1.23;
  a = 1.23;
  a = 1.23;
  a = 1.23;
  a = 1.23;
  a = 1.23;
  a = 1.23;
  a = 1.23;
  a = 1.23;
  a = 1.23;
  a = 1.23;
  a = 1.23;
  a = 1.23;
  a = 1.23;
  a = 1.23;
  a = 1.23;
  a = 1.23;
  a = 1.23;
  a = 1.23;
  a = 1.23;
  a = 1.23;
  a = 1.23;
  a = 1.23;
  a = 1.23;
  a = 1.23;
  a = 1.23;
  a = 1.23;
  a = 1.23;
  a = 1.23;
  a = 1.23;
  a = 1.23;
  a = 1.23;
  a = 1.23;
  a = 1.23;
  a = 1.23;
  a = 1.23;
  a = 1.23;
  a = 1.23;
  a = 1.23;
  a = 1.23;
  a = 1.23;
  a = 1.23;
  a = 1.23;
  a = 1.23;
  a = 1.23;
  a = 1.23;
  a = 1.23;
  a = 1.23;
  a = 1.23;
  a = 1.23;
  a = 1.23;
  a = 1.23;
  a = 1.23;
  a = 1.23;
  a = 1.23;
  a = 1.23;
  a = 1.23;
  a = 1.23;
  a = 1.23;
  a = 1.23;
  a = 1.23;
  a = 1.23;
  a = 1.23;
  a = 1.23;
  a = 1.23;
  a = 1.23;
  a = 1.23;
  a = 1.23;
  a = 1.23;
  a = 1.23;
  a = 1.23;
  a = 1.23;
  a = 1.23;
  a = 1.23;
  a = 1.23;
  a = 1.23;
  a = 1.23;
  a = 1.23;
  a = 1.23;
  a = 1.23;
  a = 1.23;
  a = 1.23;
  a = 1.23;
  a = 1.23;
  a = 1.23;
  a = 1.23;
  a = 1.23;
  a = 1.23;
  a = 1.23;
  a = 1.23;
  a = 1.23;
  a = 1.23;
  a = 1.23;
  a = 1.23;
  a = 1.23;
  a = 1.23;
  a = 1.23;
  a = 1.23;
  a = 1.23;
  a = 1.23;
  a = 1.23;
  a = 1.23;
  a = 1.23;
  a = 1.23;
  a = 1.23;
  a = 1.23;
  a = 1.23;
  a = 1.23;
  a = 1.23;
  a = 1.23;
  a = 1.23;
  a = 1.23;
  a = 1.23;
  a = 1.23;
  a = 1.23;
  a = 1.23;
  a = 1.23;
  a = 1.23;
  a = 1.23;
  a = 1.23;
  a = 1.23;
  a = 1.23;
  a = 1.23;
  a = 1.23;
  a = 1.23;
  a = 1.23;
  a = 1.23;
  a = 1.23;
  a = 1.23;
  a = 1.23;
  a = 1.23;
  a = 1.23;
  a = 1.23;
  a = 1.23;
  a = 1.23;
  a = 1.23;
  a = 1.23;
  a = 1.23;
  a = 1.23;
  a = 1.23;
  a = 1.23;
  a = 1.23;
  a = 1.23;
  a = 1.23;
  a = 1.23;
  a = 1.23;
  a = 1.23;
  a = 1.23;
  a = 1.23;
  a = 1.23;
  a = 1.23;
  a = 1.23;
  a = 1.23;
  a = 1.23;
  a = 1.23;
  a = 1.23;
  a = 1.23;
  a = 1.23;
  a = 1.23;
  a = 1.23;
  a = 1.23;
  a = 1.23;
  a = 1.23;
  a = 1.23;
  a = 1.23;
  a = 1.23;
  a = 1.23;
  a = 1.23;
  a = 1.23;
  a = 1.23;
  a = 1.23;
  a = 1.23;
  a = 1.23;
  a = 1.23;
  a = 1.23;
  a = 1.23;
  a = 1.23;
  a = 1.23;
  a = 1.23;
  a = 1.23;
  a = 1.23;
  a = 1.23;
  a = 1.23;
  a = 1.23;
  a = 1.23;
  a = 1.23;
  a = 1.23;
  a = 1.23;
  a = 1.23;
  a = 1.23;
  a = 1.23;
  a = 1.23;
  a = 1.23;
  a = 1.23;
  a = 1.23;
  a = 1.23;
  a = 1.23;
  a = 1.23;
  a = 1.23;
  a = 1.23;
  a = 1.23;
  a = 1.23;
  a = 1.23;
  a = 1.23;
  a = 1.23;
  a = 1.23;
  a = 1.23;
  a = 1.23;
  a = 1.23;
  a = 1.23;
  a = 1.23;
  a = 1.23;
  a = 1.23;
  a = 1.23;
  a = 1.23;
  a = 1.23;
  a = 1.23;
  a = 1.23;
  a = 1.23;
  a = 1.23;
  a = 1.23;
  a = 1.23;
  a = 1.23;
  a = 1.23;
  a = 1.23;
  a = 1.23;
  a = 1.23;
  a = 1.23;
  a = 1.23;
  a = 1.23;
  a = 1.23;
  a = 1.23;
  a = 1.23;
  a = 1.23;
  a = 1.23;
  a = 1.23;
  a = 1.23;
  a = 1.23;
  a = 1.23;
  a = 1.23;
  a = 1.23;
  a = 1.23;
  a = 1.23;
  a = 1.23;
  a = 1.23;
  a = 1.23;
  a = 1.23;
  a = 1.23;
  a = 1.23;
  a = 1.23;
  return [ 1 , 2 ];
"
frame size: 1
parameter count: 1
bytecode array length: 1030
bytecodes: [
  /*   30 E> */ B(StackCheck),
  /*   41 S> */ B(LdaConstant), U8(0),
                B(Star), R(0),
  /*   51 S> */ B(LdaConstant), U8(0),
                B(Star), R(0),
  /*   61 S> */ B(LdaConstant), U8(0),
                B(Star), R(0),
  /*   71 S> */ B(LdaConstant), U8(0),
                B(Star), R(0),
  /*   81 S> */ B(LdaConstant), U8(0),
                B(Star), R(0),
  /*   91 S> */ B(LdaConstant), U8(0),
                B(Star), R(0),
  /*  101 S> */ B(LdaConstant), U8(0),
                B(Star), R(0),
  /*  111 S> */ B(LdaConstant), U8(0),
                B(Star), R(0),
  /*  121 S> */ B(LdaConstant), U8(0),
                B(Star), R(0),
  /*  131 S> */ B(LdaConstant), U8(0),
                B(Star), R(0),
  /*  141 S> */ B(LdaConstant), U8(0),
                B(Star), R(0),
  /*  151 S> */ B(LdaConstant), U8(0),
                B(Star), R(0),
  /*  161 S> */ B(LdaConstant), U8(0),
                B(Star), R(0),
  /*  171 S> */ B(LdaConstant), U8(0),
                B(Star), R(0),
  /*  181 S> */ B(LdaConstant), U8(0),
                B(Star), R(0),
  /*  191 S> */ B(LdaConstant), U8(0),
                B(Star), R(0),
  /*  201 S> */ B(LdaConstant), U8(0),
                B(Star), R(0),
  /*  211 S> */ B(LdaConstant), U8(0),
                B(Star), R(0),
  /*  221 S> */ B(LdaConstant), U8(0),
                B(Star), R(0),
  /*  231 S> */ B(LdaConstant), U8(0),
                B(Star), R(0),
  /*  241 S> */ B(LdaConstant), U8(0),
                B(Star), R(0),
  /*  251 S> */ B(LdaConstant), U8(0),
                B(Star), R(0),
  /*  261 S> */ B(LdaConstant), U8(0),
                B(Star), R(0),
  /*  271 S> */ B(LdaConstant), U8(0),
                B(Star), R(0),
  /*  281 S> */ B(LdaConstant), U8(0),
                B(Star), R(0),
  /*  291 S> */ B(LdaConstant), U8(0),
                B(Star), R(0),
  /*  301 S> */ B(LdaConstant), U8(0),
                B(Star), R(0),
  /*  311 S> */ B(LdaConstant), U8(0),
                B(Star), R(0),
  /*  321 S> */ B(LdaConstant), U8(0),
                B(Star), R(0),
  /*  331 S> */ B(LdaConstant), U8(0),
                B(Star), R(0),
  /*  341 S> */ B(LdaConstant), U8(0),
                B(Star), R(0),
  /*  351 S> */ B(LdaConstant), U8(0),
                B(Star), R(0),
  /*  361 S> */ B(LdaConstant), U8(0),
                B(Star), R(0),
  /*  371 S> */ B(LdaConstant), U8(0),
                B(Star), R(0),
  /*  381 S> */ B(LdaConstant), U8(0),
                B(Star), R(0),
  /*  391 S> */ B(LdaConstant), U8(0),
                B(Star), R(0),
  /*  401 S> */ B(LdaConstant), U8(0),
                B(Star), R(0),
  /*  411 S> */ B(LdaConstant), U8(0),
                B(Star), R(0),
  /*  421 S> */ B(LdaConstant), U8(0),
                B(Star), R(0),
  /*  431 S> */ B(LdaConstant), U8(0),
                B(Star), R(0),
  /*  441 S> */ B(LdaConstant), U8(0),
                B(Star), R(0),
  /*  451 S> */ B(LdaConstant), U8(0),
                B(Star), R(0),
  /*  461 S> */ B(LdaConstant), U8(0),
                B(Star), R(0),
  /*  471 S> */ B(LdaConstant), U8(0),
                B(Star), R(0),
  /*  481 S> */ B(LdaConstant), U8(0),
                B(Star), R(0),
  /*  491 S> */ B(LdaConstant), U8(0),
                B(Star), R(0),
  /*  501 S> */ B(LdaConstant), U8(0),
                B(Star), R(0),
  /*  511 S> */ B(LdaConstant), U8(0),
                B(Star), R(0),
  /*  521 S> */ B(LdaConstant), U8(0),
                B(Star), R(0),
  /*  531 S> */ B(LdaConstant), U8(0),
                B(Star), R(0),
  /*  541 S> */ B(LdaConstant), U8(0),
                B(Star), R(0),
  /*  551 S> */ B(LdaConstant), U8(0),
                B(Star), R(0),
  /*  561 S> */ B(LdaConstant), U8(0),
                B(Star), R(0),
  /*  571 S> */ B(LdaConstant), U8(0),
                B(Star), R(0),
  /*  581 S> */ B(LdaConstant), U8(0),
                B(Star), R(0),
  /*  591 S> */ B(LdaConstant), U8(0),
                B(Star), R(0),
  /*  601 S> */ B(LdaConstant), U8(0),
                B(Star), R(0),
  /*  611 S> */ B(LdaConstant), U8(0),
                B(Star), R(0),
  /*  621 S> */ B(LdaConstant), U8(0),
                B(Star), R(0),
  /*  631 S> */ B(LdaConstant), U8(0),
                B(Star), R(0),
  /*  641 S> */ B(LdaConstant), U8(0),
                B(Star), R(0),
  /*  651 S> */ B(LdaConstant), U8(0),
                B(Star), R(0),
  /*  661 S> */ B(LdaConstant), U8(0),
                B(Star), R(0),
  /*  671 S> */ B(LdaConstant), U8(0),
                B(Star), R(0),
  /*  681 S> */ B(LdaConstant), U8(0),
                B(Star), R(0),
  /*  691 S> */ B(LdaConstant), U8(0),
                B(Star), R(0),
  /*  701 S> */ B(LdaConstant), U8(0),
                B(Star), R(0),
  /*  711 S> */ B(LdaConstant), U8(0),
                B(Star), R(0),
  /*  721 S> */ B(LdaConstant), U8(0),
                B(Star), R(0),
  /*  731 S> */ B(LdaConstant), U8(0),
                B(Star), R(0),
  /*  741 S> */ B(LdaConstant), U8(0),
                B(Star), R(0),
  /*  751 S> */ B(LdaConstant), U8(0),
                B(Star), R(0),
  /*  761 S> */ B(LdaConstant), U8(0),
                B(Star), R(0),
  /*  771 S> */ B(LdaConstant), U8(0),
                B(Star), R(0),
  /*  781 S> */ B(LdaConstant), U8(0),
                B(Star), R(0),
  /*  791 S> */ B(LdaConstant), U8(0),
                B(Star), R(0),
  /*  801 S> */ B(LdaConstant), U8(0),
                B(Star), R(0),
  /*  811 S> */ B(LdaConstant), U8(0),
                B(Star), R(0),
  /*  821 S> */ B(LdaConstant), U8(0),
                B(Star), R(0),
  /*  831 S> */ B(LdaConstant), U8(0),
                B(Star), R(0),
  /*  841 S> */ B(LdaConstant), U8(0),
                B(Star), R(0),
  /*  851 S> */ B(LdaConstant), U8(0),
                B(Star), R(0),
  /*  861 S> */ B(LdaConstant), U8(0),
                B(Star), R(0),
  /*  871 S> */ B(LdaConstant), U8(0),
                B(Star), R(0),
  /*  881 S> */ B(LdaConstant), U8(0),
                B(Star), R(0),
  /*  891 S> */ B(LdaConstant), U8(0),
                B(Star), R(0),
  /*  901 S> */ B(LdaConstant), U8(0),
                B(Star), R(0),
  /*  911 S> */ B(LdaConstant), U8(0),
                B(Star), R(0),
  /*  921 S> */ B(LdaConstant), U8(0),
                B(Star), R(0),
  /*  931 S> */ B(LdaConstant), U8(0),
                B(Star), R(0),
  /*  941 S> */ B(LdaConstant), U8(0),
                B(Star), R(0),
  /*  951 S> */ B(LdaConstant), U8(0),
                B(Star), R(0),
  /*  961 S> */ B(LdaConstant), U8(0),
                B(Star), R(0),
  /*  971 S> */ B(LdaConstant), U8(0),
                B(Star), R(0),
  /*  981 S> */ B(LdaConstant), U8(0),
                B(Star), R(0),
  /*  991 S> */ B(LdaConstant), U8(0),
                B(Star), R(0),
  /* 1001 S> */ B(LdaConstant), U8(0),
                B(Star), R(0),
  /* 1011 S> */ B(LdaConstant), U8(0),
                B(Star), R(0),
  /* 1021 S> */ B(LdaConstant), U8(0),
                B(Star), R(0),
  /* 1031 S> */ B(LdaConstant), U8(0),
                B(Star), R(0),
  /* 1041 S> */ B(LdaConstant), U8(0),
                B(Star), R(0),
  /* 1051 S> */ B(LdaConstant), U8(0),
                B(Star), R(0),
  /* 1061 S> */ B(LdaConstant), U8(0),
                B(Star), R(0),
  /* 1071 S> */ B(LdaConstant), U8(0),
                B(Star), R(0),
  /* 1081 S> */ B(LdaConstant), U8(0),
                B(Star), R(0),
  /* 1091 S> */ B(LdaConstant), U8(0),
                B(Star), R(0),
  /* 1101 S> */ B(LdaConstant), U8(0),
                B(Star), R(0),
  /* 1111 S> */ B(LdaConstant), U8(0),
                B(Star), R(0),
  /* 1121 S> */ B(LdaConstant), U8(0),
                B(Star), R(0),
  /* 1131 S> */ B(LdaConstant), U8(0),
                B(Star), R(0),
  /* 1141 S> */ B(LdaConstant), U8(0),
                B(Star), R(0),
  /* 1151 S> */ B(LdaConstant), U8(0),
                B(Star), R(0),
  /* 1161 S> */ B(LdaConstant), U8(0),
                B(Star), R(0),
  /* 1171 S> */ B(LdaConstant), U8(0),
                B(Star), R(0),
  /* 1181 S> */ B(LdaConstant), U8(0),
                B(Star), R(0),
  /* 1191 S> */ B(LdaConstant), U8(0),
                B(Star), R(0),
  /* 1201 S> */ B(LdaConstant), U8(0),
                B(Star), R(0),
  /* 1211 S> */ B(LdaConstant), U8(0),
                B(Star), R(0),
  /* 1221 S> */ B(LdaConstant), U8(0),
                B(Star), R(0),
  /* 1231 S> */ B(LdaConstant), U8(0),
                B(Star), R(0),
  /* 1241 S> */ B(LdaConstant), U8(0),
                B(Star), R(0),
  /* 1251 S> */ B(LdaConstant), U8(0),
                B(Star), R(0),
  /* 1261 S> */ B(LdaConstant), U8(0),
                B(Star), R(0),
  /* 1271 S> */ B(LdaConstant), U8(0),
                B(Star), R(0),
  /* 1281 S> */ B(LdaConstant), U8(0),
                B(Star), R(0),
  /* 1291 S> */ B(LdaConstant), U8(0),
                B(Star), R(0),
  /* 1301 S> */ B(LdaConstant), U8(0),
                B(Star), R(0),
  /* 1311 S> */ B(LdaConstant), U8(0),
                B(Star), R(0),
  /* 1321 S> */ B(LdaConstant), U8(0),
                B(Star), R(0),
  /* 1331 S> */ B(LdaConstant), U8(0),
                B(Star), R(0),
  /* 1341 S> */ B(LdaConstant), U8(0),
                B(Star), R(0),
  /* 1351 S> */ B(LdaConstant), U8(0),
                B(Star), R(0),
  /* 1361 S> */ B(LdaConstant), U8(0),
                B(Star), R(0),
  /* 1371 S> */ B(LdaConstant), U8(0),
                B(Star), R(0),
  /* 1381 S> */ B(LdaConstant), U8(0),
                B(Star), R(0),
  /* 1391 S> */ B(LdaConstant), U8(0),
                B(Star), R(0),
  /* 1401 S> */ B(LdaConstant), U8(0),
                B(Star), R(0),
  /* 1411 S> */ B(LdaConstant), U8(0),
                B(Star), R(0),
  /* 1421 S> */ B(LdaConstant), U8(0),
                B(Star), R(0),
  /* 1431 S> */ B(LdaConstant), U8(0),
                B(Star), R(0),
  /* 1441 S> */ B(LdaConstant), U8(0),
                B(Star), R(0),
  /* 1451 S> */ B(LdaConstant), U8(0),
                B(Star), R(0),
  /* 1461 S> */ B(LdaConstant), U8(0),
                B(Star), R(0),
  /* 1471 S> */ B(LdaConstant), U8(0),
                B(Star), R(0),
  /* 1481 S> */ B(LdaConstant), U8(0),
                B(Star), R(0),
  /* 1491 S> */ B(LdaConstant), U8(0),
                B(Star), R(0),
  /* 1501 S> */ B(LdaConstant), U8(0),
                B(Star), R(0),
  /* 1511 S> */ B(LdaConstant), U8(0),
                B(Star), R(0),
  /* 1521 S> */ B(LdaConstant), U8(0),
                B(Star), R(0),
  /* 1531 S> */ B(LdaConstant), U8(0),
                B(Star), R(0),
  /* 1541 S> */ B(LdaConstant), U8(0),
                B(Star), R(0),
  /* 1551 S> */ B(LdaConstant), U8(0),
                B(Star), R(0),
  /* 1561 S> */ B(LdaConstant), U8(0),
                B(Star), R(0),
  /* 1571 S> */ B(LdaConstant), U8(0),
                B(Star), R(0),
  /* 1581 S> */ B(LdaConstant), U8(0),
                B(Star), R(0),
  /* 1591 S> */ B(LdaConstant), U8(0),
                B(Star), R(0),
  /* 1601 S> */ B(LdaConstant), U8(0),
                B(Star), R(0),
  /* 1611 S> */ B(LdaConstant), U8(0),
                B(Star), R(0),
  /* 1621 S> */ B(LdaConstant), U8(0),
                B(Star), R(0),
  /* 1631 S> */ B(LdaConstant), U8(0),
                B(Star), R(0),
  /* 1641 S> */ B(LdaConstant), U8(0),
                B(Star), R(0),
  /* 1651 S> */ B(LdaConstant), U8(0),
                B(Star), R(0),
  /* 1661 S> */ B(LdaConstant), U8(0),
                B(Star), R(0),
  /* 1671 S> */ B(LdaConstant), U8(0),
                B(Star), R(0),
  /* 1681 S> */ B(LdaConstant), U8(0),
                B(Star), R(0),
  /* 1691 S> */ B(LdaConstant), U8(0),
                B(Star), R(0),
  /* 1701 S> */ B(LdaConstant), U8(0),
                B(Star), R(0),
  /* 1711 S> */ B(LdaConstant), U8(0),
                B(Star), R(0),
  /* 1721 S> */ B(LdaConstant), U8(0),
                B(Star), R(0),
  /* 1731 S> */ B(LdaConstant), U8(0),
                B(Star), R(0),
  /* 1741 S> */ B(LdaConstant), U8(0),
                B(Star), R(0),
  /* 1751 S> */ B(LdaConstant), U8(0),
                B(Star), R(0),
  /* 1761 S> */ B(LdaConstant), U8(0),
                B(Star), R(0),
  /* 1771 S> */ B(LdaConstant), U8(0),
                B(Star), R(0),
  /* 1781 S> */ B(LdaConstant), U8(0),
                B(Star), R(0),
  /* 1791 S> */ B(LdaConstant), U8(0),
                B(Star), R(0),
  /* 1801 S> */ B(LdaConstant), U8(0),
                B(Star), R(0),
  /* 1811 S> */ B(LdaConstant), U8(0),
                B(Star), R(0),
  /* 1821 S> */ B(LdaConstant), U8(0),
                B(Star), R(0),
  /* 1831 S> */ B(LdaConstant), U8(0),
                B(Star), R(0),
  /* 1841 S> */ B(LdaConstant), U8(0),
                B(Star), R(0),
  /* 1851 S> */ B(LdaConstant), U8(0),
                B(Star), R(0),
  /* 1861 S> */ B(LdaConstant), U8(0),
                B(Star), R(0),
  /* 1871 S> */ B(LdaConstant), U8(0),
                B(Star), R(0),
  /* 1881 S> */ B(LdaConstant), U8(0),
                B(Star), R(0),
  /* 1891 S> */ B(LdaConstant), U8(0),
                B(Star), R(0),
  /* 1901 S> */ B(LdaConstant), U8(0),
                B(Star), R(0),
  /* 1911 S> */ B(LdaConstant), U8(0),
                B(Star), R(0),
  /* 1921 S> */ B(LdaConstant), U8(0),
                B(Star), R(0),
  /* 1931 S> */ B(LdaConstant), U8(0),
                B(Star), R(0),
  /* 1941 S> */ B(LdaConstant), U8(0),
                B(Star), R(0),
  /* 1951 S> */ B(LdaConstant), U8(0),
                B(Star), R(0),
  /* 1961 S> */ B(LdaConstant), U8(0),
                B(Star), R(0),
  /* 1971 S> */ B(LdaConstant), U8(0),
                B(Star), R(0),
  /* 1981 S> */ B(LdaConstant), U8(0),
                B(Star), R(0),
  /* 1991 S> */ B(LdaConstant), U8(0),
                B(Star), R(0),
  /* 2001 S> */ B(LdaConstant), U8(0),
                B(Star), R(0),
  /* 2011 S> */ B(LdaConstant), U8(0),
                B(Star), R(0),
  /* 2021 S> */ B(LdaConstant), U8(0),
                B(Star), R(0),
  /* 2031 S> */ B(LdaConstant), U8(0),
                B(Star), R(0),
  /* 2041 S> */ B(LdaConstant), U8(0),
                B(Star), R(0),
  /* 2051 S> */ B(LdaConstant), U8(0),
                B(Star), R(0),
  /* 2061 S> */ B(LdaConstant), U8(0),
                B(Star), R(0),
  /* 2071 S> */ B(LdaConstant), U8(0),
                B(Star), R(0),
  /* 2081 S> */ B(LdaConstant), U8(0),
                B(Star), R(0),
  /* 2091 S> */ B(LdaConstant), U8(0),
                B(Star), R(0),
  /* 2101 S> */ B(LdaConstant), U8(0),
                B(Star), R(0),
  /* 2111 S> */ B(LdaConstant), U8(0),
                B(Star), R(0),
  /* 2121 S> */ B(LdaConstant), U8(0),
                B(Star), R(0),
  /* 2131 S> */ B(LdaConstant), U8(0),
                B(Star), R(0),
  /* 2141 S> */ B(LdaConstant), U8(0),
                B(Star), R(0),
  /* 2151 S> */ B(LdaConstant), U8(0),
                B(Star), R(0),
  /* 2161 S> */ B(LdaConstant), U8(0),
                B(Star), R(0),
  /* 2171 S> */ B(LdaConstant), U8(0),
                B(Star), R(0),
  /* 2181 S> */ B(LdaConstant), U8(0),
                B(Star), R(0),
  /* 2191 S> */ B(LdaConstant), U8(0),
                B(Star), R(0),
  /* 2201 S> */ B(LdaConstant), U8(0),
                B(Star), R(0),
  /* 2211 S> */ B(LdaConstant), U8(0),
                B(Star), R(0),
  /* 2221 S> */ B(LdaConstant), U8(0),
                B(Star), R(0),
  /* 2231 S> */ B(LdaConstant), U8(0),
                B(Star), R(0),
  /* 2241 S> */ B(LdaConstant), U8(0),
                B(Star), R(0),
  /* 2251 S> */ B(LdaConstant), U8(0),
                B(Star), R(0),
  /* 2261 S> */ B(LdaConstant), U8(0),
                B(Star), R(0),
  /* 2271 S> */ B(LdaConstant), U8(0),
                B(Star), R(0),
  /* 2281 S> */ B(LdaConstant), U8(0),
                B(Star), R(0),
  /* 2291 S> */ B(LdaConstant), U8(0),
                B(Star), R(0),
  /* 2301 S> */ B(LdaConstant), U8(0),
                B(Star), R(0),
  /* 2311 S> */ B(LdaConstant), U8(0),
                B(Star), R(0),
  /* 2321 S> */ B(LdaConstant), U8(0),
                B(Star), R(0),
  /* 2331 S> */ B(LdaConstant), U8(0),
                B(Star), R(0),
  /* 2341 S> */ B(LdaConstant), U8(0),
                B(Star), R(0),
  /* 2351 S> */ B(LdaConstant), U8(0),
                B(Star), R(0),
  /* 2361 S> */ B(LdaConstant), U8(0),
                B(Star), R(0),
  /* 2371 S> */ B(LdaConstant), U8(0),
                B(Star), R(0),
  /* 2381 S> */ B(LdaConstant), U8(0),
                B(Star), R(0),
  /* 2391 S> */ B(LdaConstant), U8(0),
                B(Star), R(0),
  /* 2401 S> */ B(LdaConstant), U8(0),
                B(Star), R(0),
  /* 2411 S> */ B(LdaConstant), U8(0),
                B(Star), R(0),
  /* 2421 S> */ B(LdaConstant), U8(0),
                B(Star), R(0),
  /* 2431 S> */ B(LdaConstant), U8(0),
                B(Star), R(0),
  /* 2441 S> */ B(LdaConstant), U8(0),
                B(Star), R(0),
  /* 2451 S> */ B(LdaConstant), U8(0),
                B(Star), R(0),
  /* 2461 S> */ B(LdaConstant), U8(0),
                B(Star), R(0),
  /* 2471 S> */ B(LdaConstant), U8(0),
                B(Star), R(0),
  /* 2481 S> */ B(LdaConstant), U8(0),
                B(Star), R(0),
  /* 2491 S> */ B(LdaConstant), U8(0),
                B(Star), R(0),
  /* 2501 S> */ B(LdaConstant), U8(0),
                B(Star), R(0),
  /* 2511 S> */ B(LdaConstant), U8(0),
                B(Star), R(0),
  /* 2521 S> */ B(LdaConstant), U8(0),
                B(Star), R(0),
  /* 2531 S> */ B(LdaConstant), U8(0),
                B(Star), R(0),
  /* 2541 S> */ B(LdaConstant), U8(0),
                B(Star), R(0),
  /* 2551 S> */ B(LdaConstant), U8(0),
                B(Star), R(0),
  /* 2561 S> */ B(LdaConstant), U8(0),
                B(Star), R(0),
  /* 2571 S> */ B(LdaConstant), U8(0),
                B(Star), R(0),
  /* 2581 S> */ B(LdaConstant), U8(0),
                B(Star), R(0),
  /* 2591 S> */ B(LdaConstant), U8(0),
                B(Star), R(0),
  /* 2601 S> */ B(CreateArrayLiteral), U8(1), U8(0), U8(37),
  /* 2618 S> */ B(Return),
]
constant pool: [
  HEAP_NUMBER_TYPE [1.23],
  TUPLE2_TYPE,
]
handlers: [
]

