#
# Autogenerated by generate-bytecode-expectations.
#

---
wrap: yes

