#
# Autogenerated by generate-bytecode-expectations.
#

---
wrap: yes

---
snippet: "
  return 1.2;
"
frame size: 0
parameter count: 1
bytecode array length: 4
bytecodes: [
  /*   30 E> */ B(StackCheck),
  /*   34 S> */ B(LdaConstant), U8(0),
  /*   45 S> */ B(Return),
]
constant pool: [
  HEAP_NUMBER_TYPE [1.2],
]
handlers: [
]

---
snippet: "
  var a = 1.2; return 2.6;
"
frame size: 1
parameter count: 1
bytecode array length: 8
bytecodes: [
  /*   30 E> */ B(StackCheck),
  /*   42 S> */ B(LdaConstant), U8(0),
                B(Star), R(0),
  /*   47 S> */ B(LdaConstant), U8(1),
  /*   58 S> */ B(Return),
]
constant pool: [
  HEAP_NUMBER_TYPE [1.2],
  HEAP_NUMBER_TYPE [2.6],
]
handlers: [
]

---
snippet: "
  var a = 3.14; return 3.14;
"
frame size: 1
parameter count: 1
bytecode array length: 8
bytecodes: [
  /*   30 E> */ B(StackCheck),
  /*   42 S> */ B(LdaConstant), U8(0),
                B(Star), R(0),
  /*   48 S> */ B(LdaConstant), U8(0),
  /*   60 S> */ B(Return),
]
constant pool: [
  HEAP_NUMBER_TYPE [3.14],
]
handlers: [
]

---
snippet: "
  var a;
  a = 1.414;
  a = 1.414;
  a = 1.414;
  a = 1.414;
  a = 1.414;
  a = 1.414;
  a = 1.414;
  a = 1.414;
  a = 1.414;
  a = 1.414;
  a = 1.414;
  a = 1.414;
  a = 1.414;
  a = 1.414;
  a = 1.414;
  a = 1.414;
  a = 1.414;
  a = 1.414;
  a = 1.414;
  a = 1.414;
  a = 1.414;
  a = 1.414;
  a = 1.414;
  a = 1.414;
  a = 1.414;
  a = 1.414;
  a = 1.414;
  a = 1.414;
  a = 1.414;
  a = 1.414;
  a = 1.414;
  a = 1.414;
  a = 1.414;
  a = 1.414;
  a = 1.414;
  a = 1.414;
  a = 1.414;
  a = 1.414;
  a = 1.414;
  a = 1.414;
  a = 1.414;
  a = 1.414;
  a = 1.414;
  a = 1.414;
  a = 1.414;
  a = 1.414;
  a = 1.414;
  a = 1.414;
  a = 1.414;
  a = 1.414;
  a = 1.414;
  a = 1.414;
  a = 1.414;
  a = 1.414;
  a = 1.414;
  a = 1.414;
  a = 1.414;
  a = 1.414;
  a = 1.414;
  a = 1.414;
  a = 1.414;
  a = 1.414;
  a = 1.414;
  a = 1.414;
  a = 1.414;
  a = 1.414;
  a = 1.414;
  a = 1.414;
  a = 1.414;
  a = 1.414;
  a = 1.414;
  a = 1.414;
  a = 1.414;
  a = 1.414;
  a = 1.414;
  a = 1.414;
  a = 1.414;
  a = 1.414;
  a = 1.414;
  a = 1.414;
  a = 1.414;
  a = 1.414;
  a = 1.414;
  a = 1.414;
  a = 1.414;
  a = 1.414;
  a = 1.414;
  a = 1.414;
  a = 1.414;
  a = 1.414;
  a = 1.414;
  a = 1.414;
  a = 1.414;
  a = 1.414;
  a = 1.414;
  a = 1.414;
  a = 1.414;
  a = 1.414;
  a = 1.414;
  a = 1.414;
  a = 1.414;
  a = 1.414;
  a = 1.414;
  a = 1.414;
  a = 1.414;
  a = 1.414;
  a = 1.414;
  a = 1.414;
  a = 1.414;
  a = 1.414;
  a = 1.414;
  a = 1.414;
  a = 1.414;
  a = 1.414;
  a = 1.414;
  a = 1.414;
  a = 1.414;
  a = 1.414;
  a = 1.414;
  a = 1.414;
  a = 1.414;
  a = 1.414;
  a = 1.414;
  a = 1.414;
  a = 1.414;
  a = 1.414;
  a = 1.414;
  a = 1.414;
  a = 1.414;
  a = 1.414;
  a = 1.414;
  a = 1.414;
  a = 1.414;
  a = 1.414;
  a = 1.414;
  a = 1.414;
  a = 1.414;
  a = 1.414;
  a = 1.414;
  a = 1.414;
  a = 1.414;
  a = 1.414;
  a = 1.414;
  a = 1.414;
  a = 1.414;
  a = 1.414;
  a = 1.414;
  a = 1.414;
  a = 1.414;
  a = 1.414;
  a = 1.414;
  a = 1.414;
  a = 1.414;
  a = 1.414;
  a = 1.414;
  a = 1.414;
  a = 1.414;
  a = 1.414;
  a = 1.414;
  a = 1.414;
  a = 1.414;
  a = 1.414;
  a = 1.414;
  a = 1.414;
  a = 1.414;
  a = 1.414;
  a = 1.414;
  a = 1.414;
  a = 1.414;
  a = 1.414;
  a = 1.414;
  a = 1.414;
  a = 1.414;
  a = 1.414;
  a = 1.414;
  a = 1.414;
  a = 1.414;
  a = 1.414;
  a = 1.414;
  a = 1.414;
  a = 1.414;
  a = 1.414;
  a = 1.414;
  a = 1.414;
  a = 1.414;
  a = 1.414;
  a = 1.414;
  a = 1.414;
  a = 1.414;
  a = 1.414;
  a = 1.414;
  a = 1.414;
  a = 1.414;
  a = 1.414;
  a = 1.414;
  a = 1.414;
  a = 1.414;
  a = 1.414;
  a = 1.414;
  a = 1.414;
  a = 1.414;
  a = 1.414;
  a = 1.414;
  a = 1.414;
  a = 1.414;
  a = 1.414;
  a = 1.414;
  a = 1.414;
  a = 1.414;
  a = 1.414;
  a = 1.414;
  a = 1.414;
  a = 1.414;
  a = 1.414;
  a = 1.414;
  a = 1.414;
  a = 1.414;
  a = 1.414;
  a = 1.414;
  a = 1.414;
  a = 1.414;
  a = 1.414;
  a = 1.414;
  a = 1.414;
  a = 1.414;
  a = 1.414;
  a = 1.414;
  a = 1.414;
  a = 1.414;
  a = 1.414;
  a = 1.414;
  a = 1.414;
  a = 1.414;
  a = 1.414;
  a = 1.414;
  a = 1.414;
  a = 1.414;
  a = 1.414;
  a = 1.414;
  a = 1.414;
  a = 1.414;
  a = 1.414;
  a = 1.414;
  a = 1.414;
  a = 1.414;
  a = 1.414;
  a = 1.414;
  a = 1.414;
  a = 1.414;
  a = 1.414;
  a = 1.414;
  a = 1.414;
  a = 1.414;
  a = 1.414;
  a = 1.414;
  a = 1.414; a = 3.14;
"
frame size: 1
parameter count: 1
bytecode array length: 1031
bytecodes: [
  /*   30 E> */ B(StackCheck),
  /*   41 S> */ B(LdaConstant), U8(0),
                B(Star), R(0),
  /*   52 S> */ B(LdaConstant), U8(0),
                B(Star), R(0),
  /*   63 S> */ B(LdaConstant), U8(0),
                B(Star), R(0),
  /*   74 S> */ B(LdaConstant), U8(0),
                B(Star), R(0),
  /*   85 S> */ B(LdaConstant), U8(0),
                B(Star), R(0),
  /*   96 S> */ B(LdaConstant), U8(0),
                B(Star), R(0),
  /*  107 S> */ B(LdaConstant), U8(0),
                B(Star), R(0),
  /*  118 S> */ B(LdaConstant), U8(0),
                B(Star), R(0),
  /*  129 S> */ B(LdaConstant), U8(0),
                B(Star), R(0),
  /*  140 S> */ B(LdaConstant), U8(0),
                B(Star), R(0),
  /*  151 S> */ B(LdaConstant), U8(0),
                B(Star), R(0),
  /*  162 S> */ B(LdaConstant), U8(0),
                B(Star), R(0),
  /*  173 S> */ B(LdaConstant), U8(0),
                B(Star), R(0),
  /*  184 S> */ B(LdaConstant), U8(0),
                B(Star), R(0),
  /*  195 S> */ B(LdaConstant), U8(0),
                B(Star), R(0),
  /*  206 S> */ B(LdaConstant), U8(0),
                B(Star), R(0),
  /*  217 S> */ B(LdaConstant), U8(0),
                B(Star), R(0),
  /*  228 S> */ B(LdaConstant), U8(0),
                B(Star), R(0),
  /*  239 S> */ B(LdaConstant), U8(0),
                B(Star), R(0),
  /*  250 S> */ B(LdaConstant), U8(0),
                B(Star), R(0),
  /*  261 S> */ B(LdaConstant), U8(0),
                B(Star), R(0),
  /*  272 S> */ B(LdaConstant), U8(0),
                B(Star), R(0),
  /*  283 S> */ B(LdaConstant), U8(0),
                B(Star), R(0),
  /*  294 S> */ B(LdaConstant), U8(0),
                B(Star), R(0),
  /*  305 S> */ B(LdaConstant), U8(0),
                B(Star), R(0),
  /*  316 S> */ B(LdaConstant), U8(0),
                B(Star), R(0),
  /*  327 S> */ B(LdaConstant), U8(0),
                B(Star), R(0),
  /*  338 S> */ B(LdaConstant), U8(0),
                B(Star), R(0),
  /*  349 S> */ B(LdaConstant), U8(0),
                B(Star), R(0),
  /*  360 S> */ B(LdaConstant), U8(0),
                B(Star), R(0),
  /*  371 S> */ B(LdaConstant), U8(0),
                B(Star), R(0),
  /*  382 S> */ B(LdaConstant), U8(0),
                B(Star), R(0),
  /*  393 S> */ B(LdaConstant), U8(0),
                B(Star), R(0),
  /*  404 S> */ B(LdaConstant), U8(0),
                B(Star), R(0),
  /*  415 S> */ B(LdaConstant), U8(0),
                B(Star), R(0),
  /*  426 S> */ B(LdaConstant), U8(0),
                B(Star), R(0),
  /*  437 S> */ B(LdaConstant), U8(0),
                B(Star), R(0),
  /*  448 S> */ B(LdaConstant), U8(0),
                B(Star), R(0),
  /*  459 S> */ B(LdaConstant), U8(0),
                B(Star), R(0),
  /*  470 S> */ B(LdaConstant), U8(0),
                B(Star), R(0),
  /*  481 S> */ B(LdaConstant), U8(0),
                B(Star), R(0),
  /*  492 S> */ B(LdaConstant), U8(0),
                B(Star), R(0),
  /*  503 S> */ B(LdaConstant), U8(0),
                B(Star), R(0),
  /*  514 S> */ B(LdaConstant), U8(0),
                B(Star), R(0),
  /*  525 S> */ B(LdaConstant), U8(0),
                B(Star), R(0),
  /*  536 S> */ B(LdaConstant), U8(0),
                B(Star), R(0),
  /*  547 S> */ B(LdaConstant), U8(0),
                B(Star), R(0),
  /*  558 S> */ B(LdaConstant), U8(0),
                B(Star), R(0),
  /*  569 S> */ B(LdaConstant), U8(0),
                B(Star), R(0),
  /*  580 S> */ B(LdaConstant), U8(0),
                B(Star), R(0),
  /*  591 S> */ B(LdaConstant), U8(0),
                B(Star), R(0),
  /*  602 S> */ B(LdaConstant), U8(0),
                B(Star), R(0),
  /*  613 S> */ B(LdaConstant), U8(0),
                B(Star), R(0),
  /*  624 S> */ B(LdaConstant), U8(0),
                B(Star), R(0),
  /*  635 S> */ B(LdaConstant), U8(0),
                B(Star), R(0),
  /*  646 S> */ B(LdaConstant), U8(0),
                B(Star), R(0),
  /*  657 S> */ B(LdaConstant), U8(0),
                B(Star), R(0),
  /*  668 S> */ B(LdaConstant), U8(0),
                B(Star), R(0),
  /*  679 S> */ B(LdaConstant), U8(0),
                B(Star), R(0),
  /*  690 S> */ B(LdaConstant), U8(0),
                B(Star), R(0),
  /*  701 S> */ B(LdaConstant), U8(0),
                B(Star), R(0),
  /*  712 S> */ B(LdaConstant), U8(0),
                B(Star), R(0),
  /*  723 S> */ B(LdaConstant), U8(0),
                B(Star), R(0),
  /*  734 S> */ B(LdaConstant), U8(0),
                B(Star), R(0),
  /*  745 S> */ B(LdaConstant), U8(0),
                B(Star), R(0),
  /*  756 S> */ B(LdaConstant), U8(0),
                B(Star), R(0),
  /*  767 S> */ B(LdaConstant), U8(0),
                B(Star), R(0),
  /*  778 S> */ B(LdaConstant), U8(0),
                B(Star), R(0),
  /*  789 S> */ B(LdaConstant), U8(0),
                B(Star), R(0),
  /*  800 S> */ B(LdaConstant), U8(0),
                B(Star), R(0),
  /*  811 S> */ B(LdaConstant), U8(0),
                B(Star), R(0),
  /*  822 S> */ B(LdaConstant), U8(0),
                B(Star), R(0),
  /*  833 S> */ B(LdaConstant), U8(0),
                B(Star), R(0),
  /*  844 S> */ B(LdaConstant), U8(0),
                B(Star), R(0),
  /*  855 S> */ B(LdaConstant), U8(0),
                B(Star), R(0),
  /*  866 S> */ B(LdaConstant), U8(0),
                B(Star), R(0),
  /*  877 S> */ B(LdaConstant), U8(0),
                B(Star), R(0),
  /*  888 S> */ B(LdaConstant), U8(0),
                B(Star), R(0),
  /*  899 S> */ B(LdaConstant), U8(0),
                B(Star), R(0),
  /*  910 S> */ B(LdaConstant), U8(0),
                B(Star), R(0),
  /*  921 S> */ B(LdaConstant), U8(0),
                B(Star), R(0),
  /*  932 S> */ B(LdaConstant), U8(0),
                B(Star), R(0),
  /*  943 S> */ B(LdaConstant), U8(0),
                B(Star), R(0),
  /*  954 S> */ B(LdaConstant), U8(0),
                B(Star), R(0),
  /*  965 S> */ B(LdaConstant), U8(0),
                B(Star), R(0),
  /*  976 S> */ B(LdaConstant), U8(0),
                B(Star), R(0),
  /*  987 S> */ B(LdaConstant), U8(0),
                B(Star), R(0),
  /*  998 S> */ B(LdaConstant), U8(0),
                B(Star), R(0),
  /* 1009 S> */ B(LdaConstant), U8(0),
                B(Star), R(0),
  /* 1020 S> */ B(LdaConstant), U8(0),
                B(Star), R(0),
  /* 1031 S> */ B(LdaConstant), U8(0),
                B(Star), R(0),
  /* 1042 S> */ B(LdaConstant), U8(0),
                B(Star), R(0),
  /* 1053 S> */ B(LdaConstant), U8(0),
                B(Star), R(0),
  /* 1064 S> */ B(LdaConstant), U8(0),
                B(Star), R(0),
  /* 1075 S> */ B(LdaConstant), U8(0),
                B(Star), R(0),
  /* 1086 S> */ B(LdaConstant), U8(0),
                B(Star), R(0),
  /* 1097 S> */ B(LdaConstant), U8(0),
                B(Star), R(0),
  /* 1108 S> */ B(LdaConstant), U8(0),
                B(Star), R(0),
  /* 1119 S> */ B(LdaConstant), U8(0),
                B(Star), R(0),
  /* 1130 S> */ B(LdaConstant), U8(0),
                B(Star), R(0),
  /* 1141 S> */ B(LdaConstant), U8(0),
                B(Star), R(0),
  /* 1152 S> */ B(LdaConstant), U8(0),
                B(Star), R(0),
  /* 1163 S> */ B(LdaConstant), U8(0),
                B(Star), R(0),
  /* 1174 S> */ B(LdaConstant), U8(0),
                B(Star), R(0),
  /* 1185 S> */ B(LdaConstant), U8(0),
                B(Star), R(0),
  /* 1196 S> */ B(LdaConstant), U8(0),
                B(Star), R(0),
  /* 1207 S> */ B(LdaConstant), U8(0),
                B(Star), R(0),
  /* 1218 S> */ B(LdaConstant), U8(0),
                B(Star), R(0),
  /* 1229 S> */ B(LdaConstant), U8(0),
                B(Star), R(0),
  /* 1240 S> */ B(LdaConstant), U8(0),
                B(Star), R(0),
  /* 1251 S> */ B(LdaConstant), U8(0),
                B(Star), R(0),
  /* 1262 S> */ B(LdaConstant), U8(0),
                B(Star), R(0),
  /* 1273 S> */ B(LdaConstant), U8(0),
                B(Star), R(0),
  /* 1284 S> */ B(LdaConstant), U8(0),
                B(Star), R(0),
  /* 1295 S> */ B(LdaConstant), U8(0),
                B(Star), R(0),
  /* 1306 S> */ B(LdaConstant), U8(0),
                B(Star), R(0),
  /* 1317 S> */ B(LdaConstant), U8(0),
                B(Star), R(0),
  /* 1328 S> */ B(LdaConstant), U8(0),
                B(Star), R(0),
  /* 1339 S> */ B(LdaConstant), U8(0),
                B(Star), R(0),
  /* 1350 S> */ B(LdaConstant), U8(0),
                B(Star), R(0),
  /* 1361 S> */ B(LdaConstant), U8(0),
                B(Star), R(0),
  /* 1372 S> */ B(LdaConstant), U8(0),
                B(Star), R(0),
  /* 1383 S> */ B(LdaConstant), U8(0),
                B(Star), R(0),
  /* 1394 S> */ B(LdaConstant), U8(0),
                B(Star), R(0),
  /* 1405 S> */ B(LdaConstant), U8(0),
                B(Star), R(0),
  /* 1416 S> */ B(LdaConstant), U8(0),
                B(Star), R(0),
  /* 1427 S> */ B(LdaConstant), U8(0),
                B(Star), R(0),
  /* 1438 S> */ B(LdaConstant), U8(0),
                B(Star), R(0),
  /* 1449 S> */ B(LdaConstant), U8(0),
                B(Star), R(0),
  /* 1460 S> */ B(LdaConstant), U8(0),
                B(Star), R(0),
  /* 1471 S> */ B(LdaConstant), U8(0),
                B(Star), R(0),
  /* 1482 S> */ B(LdaConstant), U8(0),
                B(Star), R(0),
  /* 1493 S> */ B(LdaConstant), U8(0),
                B(Star), R(0),
  /* 1504 S> */ B(LdaConstant), U8(0),
                B(Star), R(0),
  /* 1515 S> */ B(LdaConstant), U8(0),
                B(Star), R(0),
  /* 1526 S> */ B(LdaConstant), U8(0),
                B(Star), R(0),
  /* 1537 S> */ B(LdaConstant), U8(0),
                B(Star), R(0),
  /* 1548 S> */ B(LdaConstant), U8(0),
                B(Star), R(0),
  /* 1559 S> */ B(LdaConstant), U8(0),
                B(Star), R(0),
  /* 1570 S> */ B(LdaConstant), U8(0),
                B(Star), R(0),
  /* 1581 S> */ B(LdaConstant), U8(0),
                B(Star), R(0),
  /* 1592 S> */ B(LdaConstant), U8(0),
                B(Star), R(0),
  /* 1603 S> */ B(LdaConstant), U8(0),
                B(Star), R(0),
  /* 1614 S> */ B(LdaConstant), U8(0),
                B(Star), R(0),
  /* 1625 S> */ B(LdaConstant), U8(0),
                B(Star), R(0),
  /* 1636 S> */ B(LdaConstant), U8(0),
                B(Star), R(0),
  /* 1647 S> */ B(LdaConstant), U8(0),
                B(Star), R(0),
  /* 1658 S> */ B(LdaConstant), U8(0),
                B(Star), R(0),
  /* 1669 S> */ B(LdaConstant), U8(0),
                B(Star), R(0),
  /* 1680 S> */ B(LdaConstant), U8(0),
                B(Star), R(0),
  /* 1691 S> */ B(LdaConstant), U8(0),
                B(Star), R(0),
  /* 1702 S> */ B(LdaConstant), U8(0),
                B(Star), R(0),
  /* 1713 S> */ B(LdaConstant), U8(0),
                B(Star), R(0),
  /* 1724 S> */ B(LdaConstant), U8(0),
                B(Star), R(0),
  /* 1735 S> */ B(LdaConstant), U8(0),
                B(Star), R(0),
  /* 1746 S> */ B(LdaConstant), U8(0),
                B(Star), R(0),
  /* 1757 S> */ B(LdaConstant), U8(0),
                B(Star), R(0),
  /* 1768 S> */ B(LdaConstant), U8(0),
                B(Star), R(0),
  /* 1779 S> */ B(LdaConstant), U8(0),
                B(Star), R(0),
  /* 1790 S> */ B(LdaConstant), U8(0),
                B(Star), R(0),
  /* 1801 S> */ B(LdaConstant), U8(0),
                B(Star), R(0),
  /* 1812 S> */ B(LdaConstant), U8(0),
                B(Star), R(0),
  /* 1823 S> */ B(LdaConstant), U8(0),
                B(Star), R(0),
  /* 1834 S> */ B(LdaConstant), U8(0),
                B(Star), R(0),
  /* 1845 S> */ B(LdaConstant), U8(0),
                B(Star), R(0),
  /* 1856 S> */ B(LdaConstant), U8(0),
                B(Star), R(0),
  /* 1867 S> */ B(LdaConstant), U8(0),
                B(Star), R(0),
  /* 1878 S> */ B(LdaConstant), U8(0),
                B(Star), R(0),
  /* 1889 S> */ B(LdaConstant), U8(0),
                B(Star), R(0),
  /* 1900 S> */ B(LdaConstant), U8(0),
                B(Star), R(0),
  /* 1911 S> */ B(LdaConstant), U8(0),
                B(Star), R(0),
  /* 1922 S> */ B(LdaConstant), U8(0),
                B(Star), R(0),
  /* 1933 S> */ B(LdaConstant), U8(0),
                B(Star), R(0),
  /* 1944 S> */ B(LdaConstant), U8(0),
                B(Star), R(0),
  /* 1955 S> */ B(LdaConstant), U8(0),
                B(Star), R(0),
  /* 1966 S> */ B(LdaConstant), U8(0),
                B(Star), R(0),
  /* 1977 S> */ B(LdaConstant), U8(0),
                B(Star), R(0),
  /* 1988 S> */ B(LdaConstant), U8(0),
                B(Star), R(0),
  /* 1999 S> */ B(LdaConstant), U8(0),
                B(Star), R(0),
  /* 2010 S> */ B(LdaConstant), U8(0),
                B(Star), R(0),
  /* 2021 S> */ B(LdaConstant), U8(0),
                B(Star), R(0),
  /* 2032 S> */ B(LdaConstant), U8(0),
                B(Star), R(0),
  /* 2043 S> */ B(LdaConstant), U8(0),
                B(Star), R(0),
  /* 2054 S> */ B(LdaConstant), U8(0),
                B(Star), R(0),
  /* 2065 S> */ B(LdaConstant), U8(0),
                B(Star), R(0),
  /* 2076 S> */ B(LdaConstant), U8(0),
                B(Star), R(0),
  /* 2087 S> */ B(LdaConstant), U8(0),
                B(Star), R(0),
  /* 2098 S> */ B(LdaConstant), U8(0),
                B(Star), R(0),
  /* 2109 S> */ B(LdaConstant), U8(0),
                B(Star), R(0),
  /* 2120 S> */ B(LdaConstant), U8(0),
                B(Star), R(0),
  /* 2131 S> */ B(LdaConstant), U8(0),
                B(Star), R(0),
  /* 2142 S> */ B(LdaConstant), U8(0),
                B(Star), R(0),
  /* 2153 S> */ B(LdaConstant), U8(0),
                B(Star), R(0),
  /* 2164 S> */ B(LdaConstant), U8(0),
                B(Star), R(0),
  /* 2175 S> */ B(LdaConstant), U8(0),
                B(Star), R(0),
  /* 2186 S> */ B(LdaConstant), U8(0),
                B(Star), R(0),
  /* 2197 S> */ B(LdaConstant), U8(0),
                B(Star), R(0),
  /* 2208 S> */ B(LdaConstant), U8(0),
                B(Star), R(0),
  /* 2219 S> */ B(LdaConstant), U8(0),
                B(Star), R(0),
  /* 2230 S> */ B(LdaConstant), U8(0),
                B(Star), R(0),
  /* 2241 S> */ B(LdaConstant), U8(0),
                B(Star), R(0),
  /* 2252 S> */ B(LdaConstant), U8(0),
                B(Star), R(0),
  /* 2263 S> */ B(LdaConstant), U8(0),
                B(Star), R(0),
  /* 2274 S> */ B(LdaConstant), U8(0),
                B(Star), R(0),
  /* 2285 S> */ B(LdaConstant), U8(0),
                B(Star), R(0),
  /* 2296 S> */ B(LdaConstant), U8(0),
                B(Star), R(0),
  /* 2307 S> */ B(LdaConstant), U8(0),
                B(Star), R(0),
  /* 2318 S> */ B(LdaConstant), U8(0),
                B(Star), R(0),
  /* 2329 S> */ B(LdaConstant), U8(0),
                B(Star), R(0),
  /* 2340 S> */ B(LdaConstant), U8(0),
                B(Star), R(0),
  /* 2351 S> */ B(LdaConstant), U8(0),
                B(Star), R(0),
  /* 2362 S> */ B(LdaConstant), U8(0),
                B(Star), R(0),
  /* 2373 S> */ B(LdaConstant), U8(0),
                B(Star), R(0),
  /* 2384 S> */ B(LdaConstant), U8(0),
                B(Star), R(0),
  /* 2395 S> */ B(LdaConstant), U8(0),
                B(Star), R(0),
  /* 2406 S> */ B(LdaConstant), U8(0),
                B(Star), R(0),
  /* 2417 S> */ B(LdaConstant), U8(0),
                B(Star), R(0),
  /* 2428 S> */ B(LdaConstant), U8(0),
                B(Star), R(0),
  /* 2439 S> */ B(LdaConstant), U8(0),
                B(Star), R(0),
  /* 2450 S> */ B(LdaConstant), U8(0),
                B(Star), R(0),
  /* 2461 S> */ B(LdaConstant), U8(0),
                B(Star), R(0),
  /* 2472 S> */ B(LdaConstant), U8(0),
                B(Star), R(0),
  /* 2483 S> */ B(LdaConstant), U8(0),
                B(Star), R(0),
  /* 2494 S> */ B(LdaConstant), U8(0),
                B(Star), R(0),
  /* 2505 S> */ B(LdaConstant), U8(0),
                B(Star), R(0),
  /* 2516 S> */ B(LdaConstant), U8(0),
                B(Star), R(0),
  /* 2527 S> */ B(LdaConstant), U8(0),
                B(Star), R(0),
  /* 2538 S> */ B(LdaConstant), U8(0),
                B(Star), R(0),
  /* 2549 S> */ B(LdaConstant), U8(0),
                B(Star), R(0),
  /* 2560 S> */ B(LdaConstant), U8(0),
                B(Star), R(0),
  /* 2571 S> */ B(LdaConstant), U8(0),
                B(Star), R(0),
  /* 2582 S> */ B(LdaConstant), U8(0),
                B(Star), R(0),
  /* 2593 S> */ B(LdaConstant), U8(0),
                B(Star), R(0),
  /* 2604 S> */ B(LdaConstant), U8(0),
                B(Star), R(0),
  /* 2615 S> */ B(LdaConstant), U8(0),
                B(Star), R(0),
  /* 2626 S> */ B(LdaConstant), U8(0),
                B(Star), R(0),
  /* 2637 S> */ B(LdaConstant), U8(0),
                B(Star), R(0),
  /* 2648 S> */ B(LdaConstant), U8(0),
                B(Star), R(0),
  /* 2659 S> */ B(LdaConstant), U8(0),
                B(Star), R(0),
  /* 2670 S> */ B(LdaConstant), U8(0),
                B(Star), R(0),
  /* 2681 S> */ B(LdaConstant), U8(0),
                B(Star), R(0),
  /* 2692 S> */ B(LdaConstant), U8(0),
                B(Star), R(0),
  /* 2703 S> */ B(LdaConstant), U8(0),
                B(Star), R(0),
  /* 2714 S> */ B(LdaConstant), U8(0),
                B(Star), R(0),
  /* 2725 S> */ B(LdaConstant), U8(0),
                B(Star), R(0),
  /* 2736 S> */ B(LdaConstant), U8(0),
                B(Star), R(0),
  /* 2747 S> */ B(LdaConstant), U8(0),
                B(Star), R(0),
  /* 2758 S> */ B(LdaConstant), U8(0),
                B(Star), R(0),
  /* 2769 S> */ B(LdaConstant), U8(0),
                B(Star), R(0),
  /* 2780 S> */ B(LdaConstant), U8(0),
                B(Star), R(0),
  /* 2791 S> */ B(LdaConstant), U8(0),
                B(Star), R(0),
  /* 2802 S> */ B(LdaConstant), U8(0),
                B(Star), R(0),
  /* 2813 S> */ B(LdaConstant), U8(0),
                B(Star), R(0),
  /* 2824 S> */ B(LdaConstant), U8(0),
                B(Star), R(0),
  /* 2835 S> */ B(LdaConstant), U8(0),
                B(Star), R(0),
  /* 2846 S> */ B(LdaConstant), U8(0),
                B(Star), R(0),
  /* 2857 S> */ B(LdaConstant), U8(1),
                B(Star), R(0),
                B(LdaUndefined),
  /* 2867 S> */ B(Return),
]
constant pool: [
  HEAP_NUMBER_TYPE [1.414],
  HEAP_NUMBER_TYPE [3.14],
]
handlers: [
]

