#
# Autogenerated by generate-bytecode-expectations.
#

---
wrap: yes

---
snippet: "
  var x = 0.1;
  var x = 0.1;
  var x = 0.1;
  var x = 0.1;
  var x = 0.1;
  var x = 0.1;
  var x = 0.1;
  var x = 0.1;
  var x = 0.1;
  var x = 0.1;
  var x = 0.1;
  var x = 0.1;
  var x = 0.1;
  var x = 0.1;
  var x = 0.1;
  var x = 0.1;
  var x = 0.1;
  var x = 0.1;
  var x = 0.1;
  var x = 0.1;
  var x = 0.1;
  var x = 0.1;
  var x = 0.1;
  var x = 0.1;
  var x = 0.1;
  var x = 0.1;
  var x = 0.1;
  var x = 0.1;
  var x = 0.1;
  var x = 0.1;
  var x = 0.1;
  var x = 0.1;
  var x = 0.1;
  var x = 0.1;
  var x = 0.1;
  var x = 0.1;
  var x = 0.1;
  var x = 0.1;
  var x = 0.1;
  var x = 0.1;
  var x = 0.1;
  var x = 0.1;
  var x = 0.1;
  var x = 0.1;
  var x = 0.1;
  var x = 0.1;
  var x = 0.1;
  var x = 0.1;
  var x = 0.1;
  var x = 0.1;
  var x = 0.1;
  var x = 0.1;
  var x = 0.1;
  var x = 0.1;
  var x = 0.1;
  var x = 0.1;
  var x = 0.1;
  var x = 0.1;
  var x = 0.1;
  var x = 0.1;
  var x = 0.1;
  var x = 0.1;
  var x = 0.1;
  var x = 0.1;
  var x = 0.1;
  var x = 0.1;
  var x = 0.1;
  var x = 0.1;
  var x = 0.1;
  var x = 0.1;
  var x = 0.1;
  var x = 0.1;
  var x = 0.1;
  var x = 0.1;
  var x = 0.1;
  var x = 0.1;
  var x = 0.1;
  var x = 0.1;
  var x = 0.1;
  var x = 0.1;
  var x = 0.1;
  var x = 0.1;
  var x = 0.1;
  var x = 0.1;
  var x = 0.1;
  var x = 0.1;
  var x = 0.1;
  var x = 0.1;
  var x = 0.1;
  var x = 0.1;
  var x = 0.1;
  var x = 0.1;
  var x = 0.1;
  var x = 0.1;
  var x = 0.1;
  var x = 0.1;
  var x = 0.1;
  var x = 0.1;
  var x = 0.1;
  var x = 0.1;
  var x = 0.1;
  var x = 0.1;
  var x = 0.1;
  var x = 0.1;
  var x = 0.1;
  var x = 0.1;
  var x = 0.1;
  var x = 0.1;
  var x = 0.1;
  var x = 0.1;
  var x = 0.1;
  var x = 0.1;
  var x = 0.1;
  var x = 0.1;
  var x = 0.1;
  var x = 0.1;
  var x = 0.1;
  var x = 0.1;
  var x = 0.1;
  var x = 0.1;
  var x = 0.1;
  var x = 0.1;
  var x = 0.1;
  var x = 0.1;
  var x = 0.1;
  var x = 0.1;
  var x = 0.1;
  var x = 0.1;
  var x = 0.1;
  var x = 0.1;
  var x = 0.1;
  var x = 0.1;
  var x = 0.1;
  var x = 0.1;
  var x = 0.1;
  var x = 0.1;
  var x = 0.1;
  var x = 0.1;
  var x = 0.1;
  var x = 0.1;
  var x = 0.1;
  var x = 0.1;
  var x = 0.1;
  var x = 0.1;
  var x = 0.1;
  var x = 0.1;
  var x = 0.1;
  var x = 0.1;
  var x = 0.1;
  var x = 0.1;
  var x = 0.1;
  var x = 0.1;
  var x = 0.1;
  var x = 0.1;
  var x = 0.1;
  var x = 0.1;
  var x = 0.1;
  var x = 0.1;
  var x = 0.1;
  var x = 0.1;
  var x = 0.1;
  var x = 0.1;
  var x = 0.1;
  var x = 0.1;
  var x = 0.1;
  var x = 0.1;
  var x = 0.1;
  var x = 0.1;
  var x = 0.1;
  var x = 0.1;
  var x = 0.1;
  var x = 0.1;
  var x = 0.1;
  var x = 0.1;
  var x = 0.1;
  var x = 0.1;
  var x = 0.1;
  var x = 0.1;
  var x = 0.1;
  var x = 0.1;
  var x = 0.1;
  var x = 0.1;
  var x = 0.1;
  var x = 0.1;
  var x = 0.1;
  var x = 0.1;
  var x = 0.1;
  var x = 0.1;
  var x = 0.1;
  var x = 0.1;
  var x = 0.1;
  var x = 0.1;
  var x = 0.1;
  var x = 0.1;
  var x = 0.1;
  var x = 0.1;
  var x = 0.1;
  var x = 0.1;
  var x = 0.1;
  var x = 0.1;
  var x = 0.1;
  var x = 0.1;
  var x = 0.1;
  var x = 0.1;
  var x = 0.1;
  var x = 0.1;
  var x = 0.1;
  var x = 0.1;
  var x = 0.1;
  var x = 0.1;
  var x = 0.1;
  var x = 0.1;
  var x = 0.1;
  var x = 0.1;
  var x = 0.1;
  var x = 0.1;
  var x = 0.1;
  var x = 0.1;
  var x = 0.1;
  var x = 0.1;
  var x = 0.1;
  var x = 0.1;
  var x = 0.1;
  var x = 0.1;
  var x = 0.1;
  var x = 0.1;
  var x = 0.1;
  var x = 0.1;
  var x = 0.1;
  var x = 0.1;
  var x = 0.1;
  var x = 0.1;
  var x = 0.1;
  var x = 0.1;
  var x = 0.1;
  var x = 0.1;
  var x = 0.1;
  var x = 0.1;
  var x = 0.1;
  var x = 0.1;
  var x = 0.1;
  var x = 0.1;
  var x = 0.1;
  var x = 0.1;
  var x = 0.1;
  var x = 0.1;
  var x = 0.1;
  var x = 0.1;
  var x = 0.1;
  var x = 0.1;
  var x = 0.1;
  var x = 0.1;
  var x = 0.1;
  var x = 0.1;
  var x = 0.1;
  var x = 0.1;
  var x = 0.2;
  var x = 0.2;
  var x = 0.2;
  var x = 0.2;
  var x = 0.2;
  var x = 0.2;
  var x = 0.2;
  var x = 0.2;
  var x = 0.2;
  var x = 0.2;
  var x = 0.2;
  var x = 0.2;
  var x = 0.2;
  var x = 0.2;
  var x = 0.2;
  var x = 0.2;
  var x = 0.2;
  var x = 0.2;
  var x = 0.2;
  var x = 0.2;
  var x = 0.2;
  var x = 0.2;
  var x = 0.2;
  var x = 0.2;
  var x = 0.2;
  var x = 0.2;
  var x = 0.2;
  var x = 0.2;
  var x = 0.2;
  var x = 0.2;
  var x = 0.2;
  var x = 0.2;
  var x = 0.3;
  var x = 0.3;
  var x = 0.3;
  var x = 0.3;
  var x = 0.3;
  var x = 0.3;
  var x = 0.3;
  var x = 0.3;
  var x = 0.3;
  var x = 0.3;
  var x = 0.3;
  var x = 0.3;
  var x = 0.3;
  var x = 0.3;
  var x = 0.3;
  var x = 0.3;
  var x = 0.4;
  var x = 0.4;
  var x = 0.4;
  var x = 0.4;
  var x = 0.4;
  var x = 0.4;
  var x = 0.4;
  var x = 0.4;
  for (var i = 0; i < 3; i++) {
    if (i == 1) continue;
    if (i == 2) break;
  }
  return 3;
"
frame size: 2
parameter count: 1
bytecode array length: 1290
bytecodes: [
  /*   30 E> */ B(StackCheck),
  /*   42 S> */ B(LdaConstant), U8(0),
                B(Star), R(0),
  /*   55 S> */ B(LdaConstant), U8(0),
                B(Star), R(0),
  /*   68 S> */ B(LdaConstant), U8(0),
                B(Star), R(0),
  /*   81 S> */ B(LdaConstant), U8(0),
                B(Star), R(0),
  /*   94 S> */ B(LdaConstant), U8(0),
                B(Star), R(0),
  /*  107 S> */ B(LdaConstant), U8(0),
                B(Star), R(0),
  /*  120 S> */ B(LdaConstant), U8(0),
                B(Star), R(0),
  /*  133 S> */ B(LdaConstant), U8(0),
                B(Star), R(0),
  /*  146 S> */ B(LdaConstant), U8(0),
                B(Star), R(0),
  /*  159 S> */ B(LdaConstant), U8(0),
                B(Star), R(0),
  /*  172 S> */ B(LdaConstant), U8(0),
                B(Star), R(0),
  /*  185 S> */ B(LdaConstant), U8(0),
                B(Star), R(0),
  /*  198 S> */ B(LdaConstant), U8(0),
                B(Star), R(0),
  /*  211 S> */ B(LdaConstant), U8(0),
                B(Star), R(0),
  /*  224 S> */ B(LdaConstant), U8(0),
                B(Star), R(0),
  /*  237 S> */ B(LdaConstant), U8(0),
                B(Star), R(0),
  /*  250 S> */ B(LdaConstant), U8(0),
                B(Star), R(0),
  /*  263 S> */ B(LdaConstant), U8(0),
                B(Star), R(0),
  /*  276 S> */ B(LdaConstant), U8(0),
                B(Star), R(0),
  /*  289 S> */ B(LdaConstant), U8(0),
                B(Star), R(0),
  /*  302 S> */ B(LdaConstant), U8(0),
                B(Star), R(0),
  /*  315 S> */ B(LdaConstant), U8(0),
                B(Star), R(0),
  /*  328 S> */ B(LdaConstant), U8(0),
                B(Star), R(0),
  /*  341 S> */ B(LdaConstant), U8(0),
                B(Star), R(0),
  /*  354 S> */ B(LdaConstant), U8(0),
                B(Star), R(0),
  /*  367 S> */ B(LdaConstant), U8(0),
                B(Star), R(0),
  /*  380 S> */ B(LdaConstant), U8(0),
                B(Star), R(0),
  /*  393 S> */ B(LdaConstant), U8(0),
                B(Star), R(0),
  /*  406 S> */ B(LdaConstant), U8(0),
                B(Star), R(0),
  /*  419 S> */ B(LdaConstant), U8(0),
                B(Star), R(0),
  /*  432 S> */ B(LdaConstant), U8(0),
                B(Star), R(0),
  /*  445 S> */ B(LdaConstant), U8(0),
                B(Star), R(0),
  /*  458 S> */ B(LdaConstant), U8(0),
                B(Star), R(0),
  /*  471 S> */ B(LdaConstant), U8(0),
                B(Star), R(0),
  /*  484 S> */ B(LdaConstant), U8(0),
                B(Star), R(0),
  /*  497 S> */ B(LdaConstant), U8(0),
                B(Star), R(0),
  /*  510 S> */ B(LdaConstant), U8(0),
                B(Star), R(0),
  /*  523 S> */ B(LdaConstant), U8(0),
                B(Star), R(0),
  /*  536 S> */ B(LdaConstant), U8(0),
                B(Star), R(0),
  /*  549 S> */ B(LdaConstant), U8(0),
                B(Star), R(0),
  /*  562 S> */ B(LdaConstant), U8(0),
                B(Star), R(0),
  /*  575 S> */ B(LdaConstant), U8(0),
                B(Star), R(0),
  /*  588 S> */ B(LdaConstant), U8(0),
                B(Star), R(0),
  /*  601 S> */ B(LdaConstant), U8(0),
                B(Star), R(0),
  /*  614 S> */ B(LdaConstant), U8(0),
                B(Star), R(0),
  /*  627 S> */ B(LdaConstant), U8(0),
                B(Star), R(0),
  /*  640 S> */ B(LdaConstant), U8(0),
                B(Star), R(0),
  /*  653 S> */ B(LdaConstant), U8(0),
                B(Star), R(0),
  /*  666 S> */ B(LdaConstant), U8(0),
                B(Star), R(0),
  /*  679 S> */ B(LdaConstant), U8(0),
                B(Star), R(0),
  /*  692 S> */ B(LdaConstant), U8(0),
                B(Star), R(0),
  /*  705 S> */ B(LdaConstant), U8(0),
                B(Star), R(0),
  /*  718 S> */ B(LdaConstant), U8(0),
                B(Star), R(0),
  /*  731 S> */ B(LdaConstant), U8(0),
                B(Star), R(0),
  /*  744 S> */ B(LdaConstant), U8(0),
                B(Star), R(0),
  /*  757 S> */ B(LdaConstant), U8(0),
                B(Star), R(0),
  /*  770 S> */ B(LdaConstant), U8(0),
                B(Star), R(0),
  /*  783 S> */ B(LdaConstant), U8(0),
                B(Star), R(0),
  /*  796 S> */ B(LdaConstant), U8(0),
                B(Star), R(0),
  /*  809 S> */ B(LdaConstant), U8(0),
                B(Star), R(0),
  /*  822 S> */ B(LdaConstant), U8(0),
                B(Star), R(0),
  /*  835 S> */ B(LdaConstant), U8(0),
                B(Star), R(0),
  /*  848 S> */ B(LdaConstant), U8(0),
                B(Star), R(0),
  /*  861 S> */ B(LdaConstant), U8(0),
                B(Star), R(0),
  /*  874 S> */ B(LdaConstant), U8(0),
                B(Star), R(0),
  /*  887 S> */ B(LdaConstant), U8(0),
                B(Star), R(0),
  /*  900 S> */ B(LdaConstant), U8(0),
                B(Star), R(0),
  /*  913 S> */ B(LdaConstant), U8(0),
                B(Star), R(0),
  /*  926 S> */ B(LdaConstant), U8(0),
                B(Star), R(0),
  /*  939 S> */ B(LdaConstant), U8(0),
                B(Star), R(0),
  /*  952 S> */ B(LdaConstant), U8(0),
                B(Star), R(0),
  /*  965 S> */ B(LdaConstant), U8(0),
                B(Star), R(0),
  /*  978 S> */ B(LdaConstant), U8(0),
                B(Star), R(0),
  /*  991 S> */ B(LdaConstant), U8(0),
                B(Star), R(0),
  /* 1004 S> */ B(LdaConstant), U8(0),
                B(Star), R(0),
  /* 1017 S> */ B(LdaConstant), U8(0),
                B(Star), R(0),
  /* 1030 S> */ B(LdaConstant), U8(0),
                B(Star), R(0),
  /* 1043 S> */ B(LdaConstant), U8(0),
                B(Star), R(0),
  /* 1056 S> */ B(LdaConstant), U8(0),
                B(Star), R(0),
  /* 1069 S> */ B(LdaConstant), U8(0),
                B(Star), R(0),
  /* 1082 S> */ B(LdaConstant), U8(0),
                B(Star), R(0),
  /* 1095 S> */ B(LdaConstant), U8(0),
                B(Star), R(0),
  /* 1108 S> */ B(LdaConstant), U8(0),
                B(Star), R(0),
  /* 1121 S> */ B(LdaConstant), U8(0),
                B(Star), R(0),
  /* 1134 S> */ B(LdaConstant), U8(0),
                B(Star), R(0),
  /* 1147 S> */ B(LdaConstant), U8(0),
                B(Star), R(0),
  /* 1160 S> */ B(LdaConstant), U8(0),
                B(Star), R(0),
  /* 1173 S> */ B(LdaConstant), U8(0),
                B(Star), R(0),
  /* 1186 S> */ B(LdaConstant), U8(0),
                B(Star), R(0),
  /* 1199 S> */ B(LdaConstant), U8(0),
                B(Star), R(0),
  /* 1212 S> */ B(LdaConstant), U8(0),
                B(Star), R(0),
  /* 1225 S> */ B(LdaConstant), U8(0),
                B(Star), R(0),
  /* 1238 S> */ B(LdaConstant), U8(0),
                B(Star), R(0),
  /* 1251 S> */ B(LdaConstant), U8(0),
                B(Star), R(0),
  /* 1264 S> */ B(LdaConstant), U8(0),
                B(Star), R(0),
  /* 1277 S> */ B(LdaConstant), U8(0),
                B(Star), R(0),
  /* 1290 S> */ B(LdaConstant), U8(0),
                B(Star), R(0),
  /* 1303 S> */ B(LdaConstant), U8(0),
                B(Star), R(0),
  /* 1316 S> */ B(LdaConstant), U8(0),
                B(Star), R(0),
  /* 1329 S> */ B(LdaConstant), U8(0),
                B(Star), R(0),
  /* 1342 S> */ B(LdaConstant), U8(0),
                B(Star), R(0),
  /* 1355 S> */ B(LdaConstant), U8(0),
                B(Star), R(0),
  /* 1368 S> */ B(LdaConstant), U8(0),
                B(Star), R(0),
  /* 1381 S> */ B(LdaConstant), U8(0),
                B(Star), R(0),
  /* 1394 S> */ B(LdaConstant), U8(0),
                B(Star), R(0),
  /* 1407 S> */ B(LdaConstant), U8(0),
                B(Star), R(0),
  /* 1420 S> */ B(LdaConstant), U8(0),
                B(Star), R(0),
  /* 1433 S> */ B(LdaConstant), U8(0),
                B(Star), R(0),
  /* 1446 S> */ B(LdaConstant), U8(0),
                B(Star), R(0),
  /* 1459 S> */ B(LdaConstant), U8(0),
                B(Star), R(0),
  /* 1472 S> */ B(LdaConstant), U8(0),
                B(Star), R(0),
  /* 1485 S> */ B(LdaConstant), U8(0),
                B(Star), R(0),
  /* 1498 S> */ B(LdaConstant), U8(0),
                B(Star), R(0),
  /* 1511 S> */ B(LdaConstant), U8(0),
                B(Star), R(0),
  /* 1524 S> */ B(LdaConstant), U8(0),
                B(Star), R(0),
  /* 1537 S> */ B(LdaConstant), U8(0),
                B(Star), R(0),
  /* 1550 S> */ B(LdaConstant), U8(0),
                B(Star), R(0),
  /* 1563 S> */ B(LdaConstant), U8(0),
                B(Star), R(0),
  /* 1576 S> */ B(LdaConstant), U8(0),
                B(Star), R(0),
  /* 1589 S> */ B(LdaConstant), U8(0),
                B(Star), R(0),
  /* 1602 S> */ B(LdaConstant), U8(0),
                B(Star), R(0),
  /* 1615 S> */ B(LdaConstant), U8(0),
                B(Star), R(0),
  /* 1628 S> */ B(LdaConstant), U8(0),
                B(Star), R(0),
  /* 1641 S> */ B(LdaConstant), U8(0),
                B(Star), R(0),
  /* 1654 S> */ B(LdaConstant), U8(0),
                B(Star), R(0),
  /* 1667 S> */ B(LdaConstant), U8(0),
                B(Star), R(0),
  /* 1680 S> */ B(LdaConstant), U8(0),
                B(Star), R(0),
  /* 1693 S> */ B(LdaConstant), U8(0),
                B(Star), R(0),
  /* 1706 S> */ B(LdaConstant), U8(0),
                B(Star), R(0),
  /* 1719 S> */ B(LdaConstant), U8(0),
                B(Star), R(0),
  /* 1732 S> */ B(LdaConstant), U8(0),
                B(Star), R(0),
  /* 1745 S> */ B(LdaConstant), U8(0),
                B(Star), R(0),
  /* 1758 S> */ B(LdaConstant), U8(0),
                B(Star), R(0),
  /* 1771 S> */ B(LdaConstant), U8(0),
                B(Star), R(0),
  /* 1784 S> */ B(LdaConstant), U8(0),
                B(Star), R(0),
  /* 1797 S> */ B(LdaConstant), U8(0),
                B(Star), R(0),
  /* 1810 S> */ B(LdaConstant), U8(0),
                B(Star), R(0),
  /* 1823 S> */ B(LdaConstant), U8(0),
                B(Star), R(0),
  /* 1836 S> */ B(LdaConstant), U8(0),
                B(Star), R(0),
  /* 1849 S> */ B(LdaConstant), U8(0),
                B(Star), R(0),
  /* 1862 S> */ B(LdaConstant), U8(0),
                B(Star), R(0),
  /* 1875 S> */ B(LdaConstant), U8(0),
                B(Star), R(0),
  /* 1888 S> */ B(LdaConstant), U8(0),
                B(Star), R(0),
  /* 1901 S> */ B(LdaConstant), U8(0),
                B(Star), R(0),
  /* 1914 S> */ B(LdaConstant), U8(0),
                B(Star), R(0),
  /* 1927 S> */ B(LdaConstant), U8(0),
                B(Star), R(0),
  /* 1940 S> */ B(LdaConstant), U8(0),
                B(Star), R(0),
  /* 1953 S> */ B(LdaConstant), U8(0),
                B(Star), R(0),
  /* 1966 S> */ B(LdaConstant), U8(0),
                B(Star), R(0),
  /* 1979 S> */ B(LdaConstant), U8(0),
                B(Star), R(0),
  /* 1992 S> */ B(LdaConstant), U8(0),
                B(Star), R(0),
  /* 2005 S> */ B(LdaConstant), U8(0),
                B(Star), R(0),
  /* 2018 S> */ B(LdaConstant), U8(0),
                B(Star), R(0),
  /* 2031 S> */ B(LdaConstant), U8(0),
                B(Star), R(0),
  /* 2044 S> */ B(LdaConstant), U8(0),
                B(Star), R(0),
  /* 2057 S> */ B(LdaConstant), U8(0),
                B(Star), R(0),
  /* 2070 S> */ B(LdaConstant), U8(0),
                B(Star), R(0),
  /* 2083 S> */ B(LdaConstant), U8(0),
                B(Star), R(0),
  /* 2096 S> */ B(LdaConstant), U8(0),
                B(Star), R(0),
  /* 2109 S> */ B(LdaConstant), U8(0),
                B(Star), R(0),
  /* 2122 S> */ B(LdaConstant), U8(0),
                B(Star), R(0),
  /* 2135 S> */ B(LdaConstant), U8(0),
                B(Star), R(0),
  /* 2148 S> */ B(LdaConstant), U8(0),
                B(Star), R(0),
  /* 2161 S> */ B(LdaConstant), U8(0),
                B(Star), R(0),
  /* 2174 S> */ B(LdaConstant), U8(0),
                B(Star), R(0),
  /* 2187 S> */ B(LdaConstant), U8(0),
                B(Star), R(0),
  /* 2200 S> */ B(LdaConstant), U8(0),
                B(Star), R(0),
  /* 2213 S> */ B(LdaConstant), U8(0),
                B(Star), R(0),
  /* 2226 S> */ B(LdaConstant), U8(0),
                B(Star), R(0),
  /* 2239 S> */ B(LdaConstant), U8(0),
                B(Star), R(0),
  /* 2252 S> */ B(LdaConstant), U8(0),
                B(Star), R(0),
  /* 2265 S> */ B(LdaConstant), U8(0),
                B(Star), R(0),
  /* 2278 S> */ B(LdaConstant), U8(0),
                B(Star), R(0),
  /* 2291 S> */ B(LdaConstant), U8(0),
                B(Star), R(0),
  /* 2304 S> */ B(LdaConstant), U8(0),
                B(Star), R(0),
  /* 2317 S> */ B(LdaConstant), U8(0),
                B(Star), R(0),
  /* 2330 S> */ B(LdaConstant), U8(0),
                B(Star), R(0),
  /* 2343 S> */ B(LdaConstant), U8(0),
                B(Star), R(0),
  /* 2356 S> */ B(LdaConstant), U8(0),
                B(Star), R(0),
  /* 2369 S> */ B(LdaConstant), U8(0),
                B(Star), R(0),
  /* 2382 S> */ B(LdaConstant), U8(0),
                B(Star), R(0),
  /* 2395 S> */ B(LdaConstant), U8(0),
                B(Star), R(0),
  /* 2408 S> */ B(LdaConstant), U8(0),
                B(Star), R(0),
  /* 2421 S> */ B(LdaConstant), U8(0),
                B(Star), R(0),
  /* 2434 S> */ B(LdaConstant), U8(0),
                B(Star), R(0),
  /* 2447 S> */ B(LdaConstant), U8(0),
                B(Star), R(0),
  /* 2460 S> */ B(LdaConstant), U8(0),
                B(Star), R(0),
  /* 2473 S> */ B(LdaConstant), U8(0),
                B(Star), R(0),
  /* 2486 S> */ B(LdaConstant), U8(0),
                B(Star), R(0),
  /* 2499 S> */ B(LdaConstant), U8(0),
                B(Star), R(0),
  /* 2512 S> */ B(LdaConstant), U8(0),
                B(Star), R(0),
  /* 2525 S> */ B(LdaConstant), U8(0),
                B(Star), R(0),
  /* 2538 S> */ B(LdaConstant), U8(0),
                B(Star), R(0),
  /* 2551 S> */ B(LdaConstant), U8(0),
                B(Star), R(0),
  /* 2564 S> */ B(LdaConstant), U8(0),
                B(Star), R(0),
  /* 2577 S> */ B(LdaConstant), U8(0),
                B(Star), R(0),
  /* 2590 S> */ B(LdaConstant), U8(0),
                B(Star), R(0),
  /* 2603 S> */ B(LdaConstant), U8(0),
                B(Star), R(0),
  /* 2616 S> */ B(LdaConstant), U8(0),
                B(Star), R(0),
  /* 2629 S> */ B(LdaConstant), U8(0),
                B(Star), R(0),
  /* 2642 S> */ B(LdaConstant), U8(0),
                B(Star), R(0),
  /* 2655 S> */ B(LdaConstant), U8(0),
                B(Star), R(0),
  /* 2668 S> */ B(LdaConstant), U8(0),
                B(Star), R(0),
  /* 2681 S> */ B(LdaConstant), U8(0),
                B(Star), R(0),
  /* 2694 S> */ B(LdaConstant), U8(0),
                B(Star), R(0),
  /* 2707 S> */ B(LdaConstant), U8(0),
                B(Star), R(0),
  /* 2720 S> */ B(LdaConstant), U8(0),
                B(Star), R(0),
  /* 2733 S> */ B(LdaConstant), U8(0),
                B(Star), R(0),
  /* 2746 S> */ B(LdaConstant), U8(0),
                B(Star), R(0),
  /* 2759 S> */ B(LdaConstant), U8(0),
                B(Star), R(0),
  /* 2772 S> */ B(LdaConstant), U8(0),
                B(Star), R(0),
  /* 2785 S> */ B(LdaConstant), U8(0),
                B(Star), R(0),
  /* 2798 S> */ B(LdaConstant), U8(0),
                B(Star), R(0),
  /* 2811 S> */ B(LdaConstant), U8(0),
                B(Star), R(0),
  /* 2824 S> */ B(LdaConstant), U8(0),
                B(Star), R(0),
  /* 2837 S> */ B(LdaConstant), U8(0),
                B(Star), R(0),
  /* 2850 S> */ B(LdaConstant), U8(0),
                B(Star), R(0),
  /* 2863 S> */ B(LdaConstant), U8(0),
                B(Star), R(0),
  /* 2876 S> */ B(LdaConstant), U8(0),
                B(Star), R(0),
  /* 2889 S> */ B(LdaConstant), U8(0),
                B(Star), R(0),
  /* 2902 S> */ B(LdaConstant), U8(0),
                B(Star), R(0),
  /* 2915 S> */ B(LdaConstant), U8(0),
                B(Star), R(0),
  /* 2928 S> */ B(LdaConstant), U8(0),
                B(Star), R(0),
  /* 2941 S> */ B(LdaConstant), U8(0),
                B(Star), R(0),
  /* 2954 S> */ B(LdaConstant), U8(0),
                B(Star), R(0),
  /* 2967 S> */ B(LdaConstant), U8(0),
                B(Star), R(0),
  /* 2980 S> */ B(LdaConstant), U8(0),
                B(Star), R(0),
  /* 2993 S> */ B(LdaConstant), U8(0),
                B(Star), R(0),
  /* 3006 S> */ B(LdaConstant), U8(0),
                B(Star), R(0),
  /* 3019 S> */ B(LdaConstant), U8(0),
                B(Star), R(0),
  /* 3032 S> */ B(LdaConstant), U8(0),
                B(Star), R(0),
  /* 3045 S> */ B(LdaConstant), U8(0),
                B(Star), R(0),
  /* 3058 S> */ B(LdaConstant), U8(0),
                B(Star), R(0),
  /* 3071 S> */ B(LdaConstant), U8(0),
                B(Star), R(0),
  /* 3084 S> */ B(LdaConstant), U8(0),
                B(Star), R(0),
  /* 3097 S> */ B(LdaConstant), U8(0),
                B(Star), R(0),
  /* 3110 S> */ B(LdaConstant), U8(0),
                B(Star), R(0),
  /* 3123 S> */ B(LdaConstant), U8(0),
                B(Star), R(0),
  /* 3136 S> */ B(LdaConstant), U8(0),
                B(Star), R(0),
  /* 3149 S> */ B(LdaConstant), U8(0),
                B(Star), R(0),
  /* 3162 S> */ B(LdaConstant), U8(0),
                B(Star), R(0),
  /* 3175 S> */ B(LdaConstant), U8(0),
                B(Star), R(0),
  /* 3188 S> */ B(LdaConstant), U8(0),
                B(Star), R(0),
  /* 3201 S> */ B(LdaConstant), U8(0),
                B(Star), R(0),
  /* 3214 S> */ B(LdaConstant), U8(0),
                B(Star), R(0),
  /* 3227 S> */ B(LdaConstant), U8(0),
                B(Star), R(0),
  /* 3240 S> */ B(LdaConstant), U8(0),
                B(Star), R(0),
  /* 3253 S> */ B(LdaConstant), U8(0),
                B(Star), R(0),
  /* 3266 S> */ B(LdaConstant), U8(0),
                B(Star), R(0),
  /* 3279 S> */ B(LdaConstant), U8(0),
                B(Star), R(0),
  /* 3292 S> */ B(LdaConstant), U8(0),
                B(Star), R(0),
  /* 3305 S> */ B(LdaConstant), U8(0),
                B(Star), R(0),
  /* 3318 S> */ B(LdaConstant), U8(0),
                B(Star), R(0),
  /* 3331 S> */ B(LdaConstant), U8(0),
                B(Star), R(0),
  /* 3344 S> */ B(LdaConstant), U8(0),
                B(Star), R(0),
  /* 3357 S> */ B(LdaConstant), U8(0),
                B(Star), R(0),
  /* 3370 S> */ B(LdaConstant), U8(1),
                B(Star), R(0),
  /* 3383 S> */ B(LdaConstant), U8(1),
                B(Star), R(0),
  /* 3396 S> */ B(LdaConstant), U8(1),
                B(Star), R(0),
  /* 3409 S> */ B(LdaConstant), U8(1),
                B(Star), R(0),
  /* 3422 S> */ B(LdaConstant), U8(1),
                B(Star), R(0),
  /* 3435 S> */ B(LdaConstant), U8(1),
                B(Star), R(0),
  /* 3448 S> */ B(LdaConstant), U8(1),
                B(Star), R(0),
  /* 3461 S> */ B(LdaConstant), U8(1),
                B(Star), R(0),
  /* 3474 S> */ B(LdaConstant), U8(1),
                B(Star), R(0),
  /* 3487 S> */ B(LdaConstant), U8(1),
                B(Star), R(0),
  /* 3500 S> */ B(LdaConstant), U8(1),
                B(Star), R(0),
  /* 3513 S> */ B(LdaConstant), U8(1),
                B(Star), R(0),
  /* 3526 S> */ B(LdaConstant), U8(1),
                B(Star), R(0),
  /* 3539 S> */ B(LdaConstant), U8(1),
                B(Star), R(0),
  /* 3552 S> */ B(LdaConstant), U8(1),
                B(Star), R(0),
  /* 3565 S> */ B(LdaConstant), U8(1),
                B(Star), R(0),
  /* 3578 S> */ B(LdaConstant), U8(1),
                B(Star), R(0),
  /* 3591 S> */ B(LdaConstant), U8(1),
                B(Star), R(0),
  /* 3604 S> */ B(LdaConstant), U8(1),
                B(Star), R(0),
  /* 3617 S> */ B(LdaConstant), U8(1),
                B(Star), R(0),
  /* 3630 S> */ B(LdaConstant), U8(1),
                B(Star), R(0),
  /* 3643 S> */ B(LdaConstant), U8(1),
                B(Star), R(0),
  /* 3656 S> */ B(LdaConstant), U8(1),
                B(Star), R(0),
  /* 3669 S> */ B(LdaConstant), U8(1),
                B(Star), R(0),
  /* 3682 S> */ B(LdaConstant), U8(1),
                B(Star), R(0),
  /* 3695 S> */ B(LdaConstant), U8(1),
                B(Star), R(0),
  /* 3708 S> */ B(LdaConstant), U8(1),
                B(Star), R(0),
  /* 3721 S> */ B(LdaConstant), U8(1),
                B(Star), R(0),
  /* 3734 S> */ B(LdaConstant), U8(1),
                B(Star), R(0),
  /* 3747 S> */ B(LdaConstant), U8(1),
                B(Star), R(0),
  /* 3760 S> */ B(LdaConstant), U8(1),
                B(Star), R(0),
  /* 3773 S> */ B(LdaConstant), U8(1),
                B(Star), R(0),
  /* 3786 S> */ B(LdaConstant), U8(2),
                B(Star), R(0),
  /* 3799 S> */ B(LdaConstant), U8(2),
                B(Star), R(0),
  /* 3812 S> */ B(LdaConstant), U8(2),
                B(Star), R(0),
  /* 3825 S> */ B(LdaConstant), U8(2),
                B(Star), R(0),
  /* 3838 S> */ B(LdaConstant), U8(2),
                B(Star), R(0),
  /* 3851 S> */ B(LdaConstant), U8(2),
                B(Star), R(0),
  /* 3864 S> */ B(LdaConstant), U8(2),
                B(Star), R(0),
  /* 3877 S> */ B(LdaConstant), U8(2),
                B(Star), R(0),
  /* 3890 S> */ B(LdaConstant), U8(2),
                B(Star), R(0),
  /* 3903 S> */ B(LdaConstant), U8(2),
                B(Star), R(0),
  /* 3916 S> */ B(LdaConstant), U8(2),
                B(Star), R(0),
  /* 3929 S> */ B(LdaConstant), U8(2),
                B(Star), R(0),
  /* 3942 S> */ B(LdaConstant), U8(2),
                B(Star), R(0),
  /* 3955 S> */ B(LdaConstant), U8(2),
                B(Star), R(0),
  /* 3968 S> */ B(LdaConstant), U8(2),
                B(Star), R(0),
  /* 3981 S> */ B(LdaConstant), U8(2),
                B(Star), R(0),
  /* 3994 S> */ B(LdaConstant), U8(3),
                B(Star), R(0),
  /* 4007 S> */ B(LdaConstant), U8(3),
                B(Star), R(0),
  /* 4020 S> */ B(LdaConstant), U8(3),
                B(Star), R(0),
  /* 4033 S> */ B(LdaConstant), U8(3),
                B(Star), R(0),
  /* 4046 S> */ B(LdaConstant), U8(3),
                B(Star), R(0),
  /* 4059 S> */ B(LdaConstant), U8(3),
                B(Star), R(0),
  /* 4072 S> */ B(LdaConstant), U8(3),
                B(Star), R(0),
  /* 4085 S> */ B(LdaConstant), U8(3),
                B(Star), R(0),
  /* 4103 S> */ B(LdaZero),
                B(Star), R(1),
  /* 4108 S> */ B(LdaSmi), I8(3),
  /* 4108 E> */ B(TestLessThan), R(1), U8(0),
                B(JumpIfFalse), U8(30),
  /* 4090 E> */ B(StackCheck),
  /* 4122 S> */ B(LdaSmi), I8(1),
  /* 4128 E> */ B(TestEqual), R(1), U8(1),
                B(JumpIfFalse), U8(4),
  /* 4134 S> */ B(Jump), U8(11),
  /* 4146 S> */ B(LdaSmi), I8(2),
  /* 4152 E> */ B(TestEqual), R(1), U8(2),
                B(JumpIfFalse), U8(4),
  /* 4158 S> */ B(Jump), U8(11),
  /* 4114 S> */ B(Ldar), R(1),
                B(Inc), U8(3),
                B(Star), R(1),
                B(JumpLoop), U8(32), I8(0),
  /* 4167 S> */ B(LdaSmi), I8(3),
  /* 4176 S> */ B(Return),
]
constant pool: [
  HEAP_NUMBER_TYPE [0.1],
  HEAP_NUMBER_TYPE [0.2],
  HEAP_NUMBER_TYPE [0.3],
  HEAP_NUMBER_TYPE [0.4],
]
handlers: [
]

