#
# Autogenerated by generate-bytecode-expectations.
#

---
wrap: yes

---
snippet: "
  class A { constructor(...args) { this.args = args; } }
  new A(...[1, 2, 3]);
"
frame size: 5
parameter count: 1
bytecode array length: 38
bytecodes: [
  /*   30 E> */ B(StackCheck),
                B(LdaTheHole),
                B(Star), R(4),
                B(CreateClosure), U8(1), U8(0), U8(2),
                B(Star), R(3),
                B(LdaConstant), U8(0),
                B(Star), R(2),
                B(CallRuntime), U16(Runtime::kDefineClass), R(2), U8(3),
                B(Star), R(0),
                B(Star), R(1),
  /*   89 S> */ B(CreateArrayLiteral), U8(2), U8(3), U8(37),
                B(Star), R(3),
                B(Ldar), R(1),
  /*   89 E> */ B(ConstructWithSpread), R(1), R(3), U8(1), U8(1),
                B(LdaUndefined),
  /*  110 S> */ B(Return),
]
constant pool: [
  FIXED_ARRAY_TYPE,
  SHARED_FUNCTION_INFO_TYPE,
  TUPLE2_TYPE,
]
handlers: [
]

---
snippet: "
  class A { constructor(...args) { this.args = args; } }
  new A(0, ...[1, 2, 3]);
"
frame size: 5
parameter count: 1
bytecode array length: 41
bytecodes: [
  /*   30 E> */ B(StackCheck),
                B(LdaTheHole),
                B(Star), R(4),
                B(CreateClosure), U8(1), U8(0), U8(2),
                B(Star), R(3),
                B(LdaConstant), U8(0),
                B(Star), R(2),
                B(CallRuntime), U16(Runtime::kDefineClass), R(2), U8(3),
                B(Star), R(0),
                B(Star), R(1),
  /*   89 S> */ B(LdaZero),
                B(Star), R(3),
                B(CreateArrayLiteral), U8(2), U8(3), U8(37),
                B(Star), R(4),
                B(Ldar), R(1),
  /*   89 E> */ B(ConstructWithSpread), R(1), R(3), U8(2), U8(1),
                B(LdaUndefined),
  /*  113 S> */ B(Return),
]
constant pool: [
  FIXED_ARRAY_TYPE,
  SHARED_FUNCTION_INFO_TYPE,
  TUPLE2_TYPE,
]
handlers: [
]

---
snippet: "
  class A { constructor(...args) { this.args = args; } }
  new A(0, ...[1, 2, 3], 4);
"
frame size: 8
parameter count: 1
bytecode array length: 71
bytecodes: [
  /*   30 E> */ B(StackCheck),
                B(LdaTheHole),
                B(Star), R(4),
                B(CreateClosure), U8(1), U8(0), U8(2),
                B(Star), R(3),
                B(LdaConstant), U8(0),
                B(Star), R(2),
                B(CallRuntime), U16(Runtime::kDefineClass), R(2), U8(3),
                B(Star), R(0),
                B(Star), R(1),
  /*   89 S> */ B(LdaUndefined),
                B(Star), R(2),
                B(LdaUndefined),
                B(Star), R(4),
  /*   93 E> */ B(CreateArrayLiteral), U8(2), U8(1), U8(37),
                B(Star), R(5),
                B(LdaUndefined),
                B(Star), R(6),
                B(CreateArrayLiteral), U8(3), U8(2), U8(37),
                B(Star), R(7),
                B(CallJSRuntime), U8(%spread_iterable), R(6), U8(2),
                B(Star), R(6),
                B(CreateArrayLiteral), U8(4), U8(3), U8(37),
                B(Star), R(7),
                B(CallJSRuntime), U8(%spread_arguments), R(4), U8(4),
                B(Star), R(4),
                B(Mov), R(0), R(3),
                B(CallJSRuntime), U8(%reflect_construct), R(2), U8(3),
                B(LdaUndefined),
  /*  116 S> */ B(Return),
]
constant pool: [
  FIXED_ARRAY_TYPE,
  SHARED_FUNCTION_INFO_TYPE,
  TUPLE2_TYPE,
  TUPLE2_TYPE,
  TUPLE2_TYPE,
]
handlers: [
]

