*%(basename)s:6: SyntaxError: missing '}' after function body.
  var x = 1;
           ^
SyntaxError: missing '}' after function body.