*%(basename)s:16: [object WebAssembly.Exception]
  throw exception;
  ^
Error
    at throw_wasm_exn (/usr/local/google/home/thibaudm/v8/v8/test/message/fail/wasm-exception-stack-trace.js:15:19)
    at throw (wasm://wasm/f232c786:wasm-function[1]:0x32)
    at *%(basename)s:19:23
