wasm-function[0]:0x22: RuntimeError: unreachable
RuntimeError: unreachable
    at wasm://wasm/1f872db0:wasm-function[0]:0x22
    at *%(basename)s:{NUMBER}:31
