wasm-function[0]:0x22: RuntimeError: unreachable
RuntimeError: unreachable
    at main (wasm://wasm/c3afe4bc:wasm-function[0]:0x22)
    at *%(basename)s:{NUMBER}:31
