wasm-function[0]:0x22: RuntimeError: unreachable
RuntimeError: unreachable
    at test-module.main (wasm://wasm/test-module-b2a84697:wasm-function[0]:0x22)
    at *%(basename)s:{NUMBER}:31
