wasm-function[1]:0x30: RuntimeError: divide by zero
RuntimeError: divide by zero
    at main (wasm://wasm/10d10dfe:wasm-function[1]:0x30)
    at *%(basename)s:{NUMBER}:16
