Function: testFunction
252:
Object
number
string
number
258:
undefined
boolean
undefined
undefined
443:
Object
number
string
number

Function: testFunction
252:
Object
number
string
number
undefined
string
Object
Object
MyClass
258:
undefined
boolean
undefined
undefined
undefined
boolean
boolean
undefined
undefined
443:
Object
number
string
number
undefined
string
Object
Object
MyClass

Function: try_finally
1038:
string

Function: fall_off
1122:
undefined

Function: check_param
1273:
number
1278:
string
1289:
Object
1307:
MyClass
1323:
undefined


*%(basename)s:70: throw otherwise test fails with --stress-opt
throw "throw otherwise test fails with --stress-opt";
^
